
 ===================================================
  XFOIL Version 6.99
  Copyright (C) 2000   Mark Drela, Harold Youngren

  This software comes with ABSOLUTELY NO WARRANTY,
    subject to the GNU General Public License.

  Caveat computor
 ===================================================

 File  xfoil.def  not found

   QUIT    Exit program

  .OPER    Direct operating point(s)
  .MDES    Complex mapping design routine
  .QDES    Surface speed design routine
  .GDES    Geometry design routine

   SAVE f  Write airfoil to labeled coordinate file
   PSAV f  Write airfoil to plain coordinate file
   ISAV f  Write airfoil to ISES coordinate file
   MSAV f  Write airfoil to MSES coordinate file
   REVE    Reverse written-airfoil node ordering
   DELI i  Change written-airfoil file delimiters

   LOAD f  Read buffer airfoil from coordinate file
   NACA i  Set NACA 4,5-digit airfoil and buffer airfoil
   INTE    Set buffer airfoil by interpolating two airfoils
   NORM    Buffer airfoil normalization toggle
   HALF    Halve the number of points in buffer airfoil
   XYCM rr Change CM reference location, currently  0.25000 0.00000

   BEND    Display structural properties of current airfoil

   PCOP    Set current-airfoil panel nodes directly from buffer airfoil points
   PANE    Set current-airfoil panel nodes ( 160 ) based on curvature
  .PPAR    Show/change paneling

  .PLOP    Plotting options

   WDEF f  Write  current-settings file
   RDEF f  Reread current-settings file
   NAME s  Specify new airfoil name
   NINC    Increment name version number

   Z       Zoom    | (available in all menus)
   U       Unzoom  | 

 XFOIL   c>  
 XFOIL   c>  
 Labeled airfoil file.  Name:  BOEING AIRFOIL J                                

 Number of input coordinate points: 100
 Counterclockwise ordering
 Max thickness =     0.100697  at x =   0.400
 Max camber    =     0.016538  at x =   0.780

  LE  x,y  =   0.00000  -0.00000  |   Chord =   1.00000
  TE  x,y  =   1.00000   0.00095  |

 Current airfoil nodes set from buffer airfoil nodes ( 100 )

 WARNING: Poor input coordinate distribution
          Excessive panel angle   84.2  at i =  99
          Repaneling with PANE and/or PPAR suggested
           (doing GDES,CADD before repaneling _may_
            improve excessively coarse LE spacing

 XFOIL   c>  
 Sharp trailing edge

 Paneling parameters used...
   Number of panel nodes       160
   Panel bunching parameter    1.000
   TE/LE panel density ratio   0.150
   Refined-area/LE panel density ratio    0.200
   Top    side refined area x/c limits  1.000 1.000
   Bottom side refined area x/c limits  1.000 1.000

 XFOIL   c>  
.OPERi   c>  
 M  =    0.0000
 Re =  0.5000E+06

.OPERv   c>  
.OPERv   c>  
 Xtr/c     =  1.0000    top    side
 Xtr/c     =  1.0000    bottom side
 NcritT    =    9.00   ( 0.070 % turb. level )
 NcritB    =    9.00   ( 0.070 % turb. level )
 Vacc      =  0.0100
 WakeL/c   =   1.000

 Klag  =  5.6000     Uxwt  =    1.00       Kdl =  0.9000
 A     =  6.7000     B     =  0.7500       KCt = 0.01485
 CtiniK=  1.8000     CtiniX=  3.3000

..VPAR   c>  
..VPAR   c>  
.OPERv   c>  
.OPERv   c>  
 Polar  1 newly created for accumulation
 Airfoil archived with polar: BOEING AIRFOIL J                                

Enter  polar save filename  OR  <return> for no file   s>  
 New polar save file available

Enter  polar dump filename  OR  <return> for no file   s>  
 Polar dump file will NOT be written

 Polar accumulation enabled

.OPERva   c>   Calculating unit vorticity distributions ...
 Calculating wake trajectory ...
 Calculating source influence matrix ...

 Solving BL system ...

 Initializing BL ...
    side            1  ...
 MRCHUE: Inverse mode at  64     Hk =   4.100
 MRCHUE: Inverse mode at  65     Hk =   4.619
 MRCHUE: Inverse mode at  66     Hk =   5.130
 MRCHUE: Inverse mode at  67     Hk =   5.636
 MRCHUE: Inverse mode at  68     Hk =   6.137
 MRCHUE: Inverse mode at  69     Hk =   6.634
 MRCHUE: Inverse mode at  70     Hk =   7.128
 MRCHUE: Inverse mode at  71     Hk =   7.621
 MRCHUE: Inverse mode at  72     Hk =   8.114

Program received signal SIGFPE: Floating-point exception - erroneous arithmetic operation.

Backtrace for this error:
#0  0x7463c5823e59 in ???
#1  0x7463c5822e75 in ???
#2  0x7463c544532f in ???
	at ./signal/../sysdeps/unix/sysv/linux/x86_64/libc_sigaction.c:0
#3  0x6005276e92b6 in ???
#4  0x6005276ee04d in ???
#5  0x6005276deb9e in ???
#6  0x6005276e175b in ???
#7  0x6005276ab67a in ???
#8  0x6005276afa77 in ???
#9  0x60052769b406 in ???
#10  0x600527691758 in ???
#11  0x7463c542a1c9 in __libc_start_call_main
	at ../sysdeps/nptl/libc_start_call_main.h:58
#12  0x7463c542a28a in __libc_start_main_impl
	at ../csu/libc-start.c:360
#13  0x600527691784 in ???
#14  0xffffffffffffffff in ???
timeout: the monitored command dumped core
