
 ===================================================
  XFOIL Version 6.99
  Copyright (C) 2000   Mark Drela, Harold Youngren

  This software comes with ABSOLUTELY NO WARRANTY,
    subject to the GNU General Public License.

  Caveat computor
 ===================================================

 File  xfoil.def  not found

   QUIT    Exit program

  .OPER    Direct operating point(s)
  .MDES    Complex mapping design routine
  .QDES    Surface speed design routine
  .GDES    Geometry design routine

   SAVE f  Write airfoil to labeled coordinate file
   PSAV f  Write airfoil to plain coordinate file
   ISAV f  Write airfoil to ISES coordinate file
   MSAV f  Write airfoil to MSES coordinate file
   REVE    Reverse written-airfoil node ordering
   DELI i  Change written-airfoil file delimiters

   LOAD f  Read buffer airfoil from coordinate file
   NACA i  Set NACA 4,5-digit airfoil and buffer airfoil
   INTE    Set buffer airfoil by interpolating two airfoils
   NORM    Buffer airfoil normalization toggle
   HALF    Halve the number of points in buffer airfoil
   XYCM rr Change CM reference location, currently  0.25000 0.00000

   BEND    Display structural properties of current airfoil

   PCOP    Set current-airfoil panel nodes directly from buffer airfoil points
   PANE    Set current-airfoil panel nodes ( 160 ) based on curvature
  .PPAR    Show/change paneling

  .PLOP    Plotting options

   WDEF f  Write  current-settings file
   RDEF f  Reread current-settings file
   NAME s  Specify new airfoil name
   NINC    Increment name version number

   Z       Zoom    | (available in all menus)
   U       Unzoom  | 

 XFOIL   c>  
 XFOIL   c>  
 Labeled airfoil file.  Name:  BW 05 02 09                                     

 Number of input coordinate points:  47
 Counterclockwise ordering
 Max thickness =     0.091970  at x =   0.300
 Max camber    =     0.020048  at x =   0.300

  LE  x,y  =  -0.00004   0.00067  |   Chord =   1.00004
  TE  x,y  =   1.00000   0.00000  |

 Current airfoil nodes set from buffer airfoil nodes (  47 )

 WARNING: Poor input coordinate distribution
          Excessive panel angle   85.4  at i =   2
          Repaneling with PANE and/or PPAR suggested
           (doing GDES,CADD before repaneling _may_
            improve excessively coarse LE spacing

 XFOIL   c>   Paneling convergence failed.  Continuing anyway...

 Sharp trailing edge

 Paneling parameters used...
   Number of panel nodes       160
   Panel bunching parameter    1.000
   TE/LE panel density ratio   0.150
   Refined-area/LE panel density ratio    0.200
   Top    side refined area x/c limits  1.000 1.000
   Bottom side refined area x/c limits  1.000 1.000

 XFOIL   c>  
.OPERi   c>  
 M  =    0.0000
 Re =  0.1000E+07

.OPERv   c>  
.OPERv   c>  
 Xtr/c     =  1.0000    top    side
 Xtr/c     =  1.0000    bottom side
 NcritT    =    9.00   ( 0.070 % turb. level )
 NcritB    =    9.00   ( 0.070 % turb. level )
 Vacc      =  0.0100
 WakeL/c   =   1.000

 Klag  =  5.6000     Uxwt  =    1.00       Kdl =  0.9000
 A     =  6.7000     B     =  0.7500       KCt = 0.01485
 CtiniK=  1.8000     CtiniX=  3.3000

..VPAR   c>  
..VPAR   c>  
.OPERv   c>  
.OPERv   c>  
 Polar  1 newly created for accumulation
 Airfoil archived with polar: BW 05 02 09                                     

Enter  polar save filename  OR  <return> for no file   s>  
 New polar save file available

Enter  polar dump filename  OR  <return> for no file   s>  
 Polar dump file will NOT be written

 Polar accumulation enabled

.OPERva   c>   Calculating unit vorticity distributions ...
 Calculating wake trajectory ...
 Calculating source influence matrix ...

 Solving BL system ...

 Initializing BL ...
    side            1  ...
 MRCHUE: Inverse mode at  27     Hk =   4.850
 MRCHUE: Inverse mode at  28     Hk =   6.200
 MRCHUE: Inverse mode at  29     Hk =   7.515
 MRCHUE: Inverse mode at  30     Hk =   8.161
 MRCHUE: Inverse mode at  31     Hk =   2.500
 MRCHUE: Inverse mode at  63     Hk =   2.500
 MRCHUE: Inverse mode at  64     Hk =   2.500
 MRCHUE: Inverse mode at  65     Hk =   2.500

Program received signal SIGFPE: Floating-point exception - erroneous arithmetic operation.

Backtrace for this error:
#0  0x77cb3e023e59 in ???
#1  0x77cb3e022e75 in ???
#2  0x77cb3dc4532f in ???
	at ./signal/../sysdeps/unix/sysv/linux/x86_64/libc_sigaction.c:0
#3  0x77cb3df89b20 in __math_invalid
	at ../sysdeps/ieee754/dbl-64/math_err.c:82
#4  0x58eec0187d9e in ???
#5  0x58eec018b04d in ???
#6  0x58eec017d286 in ???
#7  0x58eec017fc9c in ???
#8  0x58eec014867a in ???
#9  0x58eec014ca77 in ???
#10  0x58eec0138406 in ???
#11  0x58eec012e758 in ???
#12  0x77cb3dc2a1c9 in __libc_start_call_main
	at ../sysdeps/nptl/libc_start_call_main.h:58
#13  0x77cb3dc2a28a in __libc_start_main_impl
	at ../csu/libc-start.c:360
#14  0x58eec012e784 in ???
#15  0xffffffffffffffff in ???
timeout: the monitored command dumped core
