
Program received signal SIGFPE: Floating-point exception - erroneous arithmetic operation.

Backtrace for this error:
#0  0x778486623e59 in ???
#1  0x778486622e75 in ???
#2  0x77848624532f in ???
	at ./signal/../sysdeps/unix/sysv/linux/x86_64/libc_sigaction.c:0
#3  0x7784869cd5d5 in __GI___feraiseexcept
	at ../sysdeps/x86_64/fpu/fraiseexcpt.c:36
#4  0x7784869d0259 in __log10
	at ./math/w_log10_compat.c:39
#5  0x5bc24de46997 in ???
#6  0x5bc24de46e2b in ???
#7  0x5bc24de4af99 in ???
#8  0x5bc24de3eaa6 in ???
#9  0x5bc24de40c9c in ???
#10  0x5bc24de0967a in ???
#11  0x5bc24de0da77 in ???
#12  0x5bc24ddf9406 in ???
#13  0x5bc24ddef758 in ???
#14  0x77848622a1c9 in __libc_start_call_main
	at ../sysdeps/nptl/libc_start_call_main.h:58
#15  0x77848622a28a in __libc_start_main_impl
	at ../csu/libc-start.c:360
#16  0x5bc24ddef784 in ???
#17  0xffffffffffffffff in ???
timeout: the monitored command dumped core
