
Program received signal SIGFPE: Floating-point exception - erroneous arithmetic operation.

Backtrace for this error:
#0  0x7cd09fc23e59 in ???
#1  0x7cd09fc22e75 in ???
#2  0x7cd09f84532f in ???
	at ./signal/../sysdeps/unix/sysv/linux/x86_64/libc_sigaction.c:0
#3  0x7cd09fb275d5 in __GI___feraiseexcept
	at ../sysdeps/x86_64/fpu/fraiseexcpt.c:36
#4  0x7cd09fb2a259 in __log10
	at ./math/w_log10_compat.c:39
#5  0x566a2435c997 in ???
#6  0x566a2435ce2b in ???
#7  0x566a24360f99 in ???
#8  0x566a24354aa6 in ???
#9  0x566a24356c9c in ???
#10  0x566a2431f67a in ???
#11  0x566a24323a77 in ???
#12  0x566a2430f406 in ???
#13  0x566a24305758 in ???
#14  0x7cd09f82a1c9 in __libc_start_call_main
	at ../sysdeps/nptl/libc_start_call_main.h:58
#15  0x7cd09f82a28a in __libc_start_main_impl
	at ../csu/libc-start.c:360
#16  0x566a24305784 in ???
#17  0xffffffffffffffff in ???
timeout: the monitored command dumped core
