
Program received signal SIGFPE: Floating-point exception - erroneous arithmetic operation.

Backtrace for this error:
#0  0x77bbd7423e59 in ???
#1  0x77bbd7422e75 in ???
#2  0x77bbd704532f in ???
	at ./signal/../sysdeps/unix/sysv/linux/x86_64/libc_sigaction.c:0
#3  0x77bbd7389b20 in __math_invalid
	at ../sysdeps/ieee754/dbl-64/math_err.c:82
#4  0x5e319a23c75a in ???
#5  0x5e319a23dfba in ???
#6  0x5e319a244f28 in ???
#7  0x5e319a237286 in ???
#8  0x5e319a239c9c in ???
#9  0x5e319a20267a in ???
#10  0x5e319a206a77 in ???
#11  0x5e319a1f2406 in ???
#12  0x5e319a1e8758 in ???
#13  0x77bbd702a1c9 in __libc_start_call_main
	at ../sysdeps/nptl/libc_start_call_main.h:58
#14  0x77bbd702a28a in __libc_start_main_impl
	at ../csu/libc-start.c:360
#15  0x5e319a1e8784 in ???
#16  0xffffffffffffffff in ???
timeout: the monitored command dumped core
