
Program received signal SIGFPE: Floating-point exception - erroneous arithmetic operation.

Backtrace for this error:
#0  0x778f25e23e59 in ???
#1  0x778f25e22e75 in ???
#2  0x778f25a4532f in ???
	at ./signal/../sysdeps/unix/sysv/linux/x86_64/libc_sigaction.c:0
#3  0x778f26288b20 in __math_invalid
	at ../sysdeps/ieee754/dbl-64/math_err.c:82
#4  0x6308edb7d75a in ???
#5  0x6308edb7efba in ???
#6  0x6308edb85f28 in ???
#7  0x6308edb78286 in ???
#8  0x6308edb7ac9c in ???
#9  0x6308edb4367a in ???
#10  0x6308edb47a77 in ???
#11  0x6308edb33406 in ???
#12  0x6308edb29758 in ???
#13  0x778f25a2a1c9 in __libc_start_call_main
	at ../sysdeps/nptl/libc_start_call_main.h:58
#14  0x778f25a2a28a in __libc_start_main_impl
	at ../csu/libc-start.c:360
#15  0x6308edb29784 in ???
#16  0xffffffffffffffff in ???
timeout: the monitored command dumped core
