
Program received signal SIGFPE: Floating-point exception - erroneous arithmetic operation.

Backtrace for this error:
#0  0x7b5771423e59 in ???
#1  0x7b5771422e75 in ???
#2  0x7b577104532f in ???
	at ./signal/../sysdeps/unix/sysv/linux/x86_64/libc_sigaction.c:0
#3  0x7b5771389b20 in __math_invalid
	at ../sysdeps/ieee754/dbl-64/math_err.c:82
#4  0x5f120b64175a in ???
#5  0x5f120b642fba in ???
#6  0x5f120b649f28 in ???
#7  0x5f120b63c286 in ???
#8  0x5f120b63ec9c in ???
#9  0x5f120b60767a in ???
#10  0x5f120b60ba77 in ???
#11  0x5f120b5f7406 in ???
#12  0x5f120b5ed758 in ???
#13  0x7b577102a1c9 in __libc_start_call_main
	at ../sysdeps/nptl/libc_start_call_main.h:58
#14  0x7b577102a28a in __libc_start_main_impl
	at ../csu/libc-start.c:360
#15  0x5f120b5ed784 in ???
#16  0xffffffffffffffff in ???
timeout: the monitored command dumped core
