
Program received signal SIGFPE: Floating-point exception - erroneous arithmetic operation.

Backtrace for this error:
#0  0x79c7b5e23e59 in ???
#1  0x79c7b5e22e75 in ???
#2  0x79c7b5a4532f in ???
	at ./signal/../sysdeps/unix/sysv/linux/x86_64/libc_sigaction.c:0
#3  0x79c7b6230b20 in __math_invalid
	at ../sysdeps/ieee754/dbl-64/math_err.c:82
#4  0x5a9f3b0f175a in ???
#5  0x5a9f3b0f2fba in ???
#6  0x5a9f3b0f9f28 in ???
#7  0x5a9f3b0ec286 in ???
#8  0x5a9f3b0eec9c in ???
#9  0x5a9f3b0b767a in ???
#10  0x5a9f3b0bba77 in ???
#11  0x5a9f3b0a7406 in ???
#12  0x5a9f3b09d758 in ???
#13  0x79c7b5a2a1c9 in __libc_start_call_main
	at ../sysdeps/nptl/libc_start_call_main.h:58
#14  0x79c7b5a2a28a in __libc_start_main_impl
	at ../csu/libc-start.c:360
#15  0x5a9f3b09d784 in ???
#16  0xffffffffffffffff in ???
timeout: the monitored command dumped core
