
Program received signal SIGFPE: Floating-point exception - erroneous arithmetic operation.

Backtrace for this error:
#0  0x73ae11823e59 in ???
#1  0x73ae11822e75 in ???
#2  0x73ae1144532f in ???
	at ./signal/../sysdeps/unix/sysv/linux/x86_64/libc_sigaction.c:0
#3  0x73ae11ba6b20 in __math_invalid
	at ../sysdeps/ieee754/dbl-64/math_err.c:82
#4  0x5dc1478ce75a in ???
#5  0x5dc1478cffba in ???
#6  0x5dc1478d6f28 in ???
#7  0x5dc1478c9286 in ???
#8  0x5dc1478cbc9c in ???
#9  0x5dc14789467a in ???
#10  0x5dc147898a77 in ???
#11  0x5dc147884406 in ???
#12  0x5dc14787a758 in ???
#13  0x73ae1142a1c9 in __libc_start_call_main
	at ../sysdeps/nptl/libc_start_call_main.h:58
#14  0x73ae1142a28a in __libc_start_main_impl
	at ../csu/libc-start.c:360
#15  0x5dc14787a784 in ???
#16  0xffffffffffffffff in ???
timeout: the monitored command dumped core
