
Program received signal SIGFPE: Floating-point exception - erroneous arithmetic operation.

Backtrace for this error:
#0  0x7ff0ac623e59 in ???
#1  0x7ff0ac622e75 in ???
#2  0x7ff0ac24532f in ???
	at ./signal/../sysdeps/unix/sysv/linux/x86_64/libc_sigaction.c:0
#3  0x7ff0ac9385d5 in __GI___feraiseexcept
	at ../sysdeps/x86_64/fpu/fraiseexcpt.c:36
#4  0x7ff0ac93b259 in __log10
	at ./math/w_log10_compat.c:39
#5  0x5f757cffd997 in ???
#6  0x5f757cffde2b in ???
#7  0x5f757d001f99 in ???
#8  0x5f757cff5aa6 in ???
#9  0x5f757cff7c9c in ???
#10  0x5f757cfc067a in ???
#11  0x5f757cfc4a77 in ???
#12  0x5f757cfb0406 in ???
#13  0x5f757cfa6758 in ???
#14  0x7ff0ac22a1c9 in __libc_start_call_main
	at ../sysdeps/nptl/libc_start_call_main.h:58
#15  0x7ff0ac22a28a in __libc_start_main_impl
	at ../csu/libc-start.c:360
#16  0x5f757cfa6784 in ???
#17  0xffffffffffffffff in ???
timeout: the monitored command dumped core
