
Program received signal SIGFPE: Floating-point exception - erroneous arithmetic operation.

Backtrace for this error:
#0  0x780fa8823e59 in ???
#1  0x780fa8822e75 in ???
#2  0x780fa844532f in ???
	at ./signal/../sysdeps/unix/sysv/linux/x86_64/libc_sigaction.c:0
#3  0x780fa87275d5 in __GI___feraiseexcept
	at ../sysdeps/x86_64/fpu/fraiseexcpt.c:36
#4  0x780fa872a259 in __log10
	at ./math/w_log10_compat.c:39
#5  0x62d925790997 in ???
#6  0x62d925790e2b in ???
#7  0x62d925794f99 in ???
#8  0x62d925788aa6 in ???
#9  0x62d92578ac9c in ???
#10  0x62d92575367a in ???
#11  0x62d925757a77 in ???
#12  0x62d925743406 in ???
#13  0x62d925739758 in ???
#14  0x780fa842a1c9 in __libc_start_call_main
	at ../sysdeps/nptl/libc_start_call_main.h:58
#15  0x780fa842a28a in __libc_start_main_impl
	at ../csu/libc-start.c:360
#16  0x62d925739784 in ???
#17  0xffffffffffffffff in ???
timeout: the monitored command dumped core
