
Program received signal SIGFPE: Floating-point exception - erroneous arithmetic operation.

Backtrace for this error:
#0  0x726776623e59 in ???
#1  0x726776622e75 in ???
#2  0x72677624532f in ???
	at ./signal/../sysdeps/unix/sysv/linux/x86_64/libc_sigaction.c:0
#3  0x726776589b20 in __math_invalid
	at ../sysdeps/ieee754/dbl-64/math_err.c:82
#4  0x5e2b95da475a in ???
#5  0x5e2b95da5fba in ???
#6  0x5e2b95dacf28 in ???
#7  0x5e2b95d9f286 in ???
#8  0x5e2b95da1c9c in ???
#9  0x5e2b95d6a67a in ???
#10  0x5e2b95d6ea77 in ???
#11  0x5e2b95d5a406 in ???
#12  0x5e2b95d50758 in ???
#13  0x72677622a1c9 in __libc_start_call_main
	at ../sysdeps/nptl/libc_start_call_main.h:58
#14  0x72677622a28a in __libc_start_main_impl
	at ../csu/libc-start.c:360
#15  0x5e2b95d50784 in ???
#16  0xffffffffffffffff in ???
timeout: the monitored command dumped core
