
Program received signal SIGFPE: Floating-point exception - erroneous arithmetic operation.

Backtrace for this error:
#0  0x743b4b823e59 in ???
#1  0x743b4b822e75 in ???
#2  0x743b4b44532f in ???
	at ./signal/../sysdeps/unix/sysv/linux/x86_64/libc_sigaction.c:0
#3  0x743b4b789b20 in __math_invalid
	at ../sysdeps/ieee754/dbl-64/math_err.c:82
#4  0x59bd11c5675a in ???
#5  0x59bd11c57fba in ???
#6  0x59bd11c5ef28 in ???
#7  0x59bd11c51286 in ???
#8  0x59bd11c53c9c in ???
#9  0x59bd11c1c67a in ???
#10  0x59bd11c20a77 in ???
#11  0x59bd11c0c406 in ???
#12  0x59bd11c02758 in ???
#13  0x743b4b42a1c9 in __libc_start_call_main
	at ../sysdeps/nptl/libc_start_call_main.h:58
#14  0x743b4b42a28a in __libc_start_main_impl
	at ../csu/libc-start.c:360
#15  0x59bd11c02784 in ???
#16  0xffffffffffffffff in ???
timeout: the monitored command dumped core
