
Program received signal SIGFPE: Floating-point exception - erroneous arithmetic operation.

Backtrace for this error:
#0  0x7cfa1f023e59 in ???
#1  0x7cfa1f022e75 in ???
#2  0x7cfa1ec4532f in ???
	at ./signal/../sysdeps/unix/sysv/linux/x86_64/libc_sigaction.c:0
#3  0x7cfa1f433b20 in __math_invalid
	at ../sysdeps/ieee754/dbl-64/math_err.c:82
#4  0x5f3722fd875a in ???
#5  0x5f3722fd9fba in ???
#6  0x5f3722fe0f28 in ???
#7  0x5f3722fd3286 in ???
#8  0x5f3722fd5c9c in ???
#9  0x5f3722f9e67a in ???
#10  0x5f3722fa2a77 in ???
#11  0x5f3722f8e406 in ???
#12  0x5f3722f84758 in ???
#13  0x7cfa1ec2a1c9 in __libc_start_call_main
	at ../sysdeps/nptl/libc_start_call_main.h:58
#14  0x7cfa1ec2a28a in __libc_start_main_impl
	at ../csu/libc-start.c:360
#15  0x5f3722f84784 in ???
#16  0xffffffffffffffff in ???
timeout: the monitored command dumped core
