
 ===================================================
  XFOIL Version 6.99
  Copyright (C) 2000   Mark Drela, Harold Youngren

  This software comes with ABSOLUTELY NO WARRANTY,
    subject to the GNU General Public License.

  Caveat computor
 ===================================================

 File  xfoil.def  not found

   QUIT    Exit program

  .OPER    Direct operating point(s)
  .MDES    Complex mapping design routine
  .QDES    Surface speed design routine
  .GDES    Geometry design routine

   SAVE f  Write airfoil to labeled coordinate file
   PSAV f  Write airfoil to plain coordinate file
   ISAV f  Write airfoil to ISES coordinate file
   MSAV f  Write airfoil to MSES coordinate file
   REVE    Reverse written-airfoil node ordering
   DELI i  Change written-airfoil file delimiters

   LOAD f  Read buffer airfoil from coordinate file
   NACA i  Set NACA 4,5-digit airfoil and buffer airfoil
   INTE    Set buffer airfoil by interpolating two airfoils
   NORM    Buffer airfoil normalization toggle
   HALF    Halve the number of points in buffer airfoil
   XYCM rr Change CM reference location, currently  0.25000 0.00000

   BEND    Display structural properties of current airfoil

   PCOP    Set current-airfoil panel nodes directly from buffer airfoil points
   PANE    Set current-airfoil panel nodes ( 160 ) based on curvature
  .PPAR    Show/change paneling

  .PLOP    Plotting options

   WDEF f  Write  current-settings file
   RDEF f  Reread current-settings file
   NAME s  Specify new airfoil name
   NINC    Increment name version number

   Z       Zoom    | (available in all menus)
   U       Unzoom  | 

 XFOIL   c>  
 XFOIL   c>  
 Labeled airfoil file.  Name:  NACA M25 AIRFOIL                                

 Number of input coordinate points:  33
 Counterclockwise ordering
 Max thickness =     0.062702  at x =   0.300
 Max camber    =     0.081246  at x =   0.300

  LE  x,y  =  -0.00032   0.00158  |   Chord =   1.00032
  TE  x,y  =   1.00000   0.00000  |

 Current airfoil nodes set from buffer airfoil nodes (  33 )

 WARNING: Poor input coordinate distribution
          Excessive panel angle   77.0  at i =  17
          Repaneling with PANE and/or PPAR suggested
           (doing GDES,CADD before repaneling _may_
            improve excessively coarse LE spacing

 XFOIL   c>  
 Blunt trailing edge.  Gap =  0.00450

 Paneling parameters used...
   Number of panel nodes       160
   Panel bunching parameter    1.000
   TE/LE panel density ratio   0.150
   Refined-area/LE panel density ratio    0.200
   Top    side refined area x/c limits  1.000 1.000
   Bottom side refined area x/c limits  1.000 1.000

 XFOIL   c>  
.OPERi   c>  
 M  =    0.0000
 Re =  0.5000E+06

.OPERv   c>  
.OPERv   c>  
 Xtr/c     =  1.0000    top    side
 Xtr/c     =  1.0000    bottom side
 NcritT    =    9.00   ( 0.070 % turb. level )
 NcritB    =    9.00   ( 0.070 % turb. level )
 Vacc      =  0.0100
 WakeL/c   =   1.000

 Klag  =  5.6000     Uxwt  =    1.00       Kdl =  0.9000
 A     =  6.7000     B     =  0.7500       KCt = 0.01485
 CtiniK=  1.8000     CtiniX=  3.3000

..VPAR   c>  
..VPAR   c>  
.OPERv   c>  
.OPERv   c>  
 Polar  1 newly created for accumulation
 Airfoil archived with polar: NACA M25 AIRFOIL                                

Enter  polar save filename  OR  <return> for no file   s>  
 New polar save file available

Enter  polar dump filename  OR  <return> for no file   s>  
 Polar dump file will NOT be written

 Polar accumulation enabled

.OPERva   c>   Calculating unit vorticity distributions ...
 Calculating wake trajectory ...
 Calculating source influence matrix ...

 Solving BL system ...

 Initializing BL ...
    side            1  ...
 MRCHUE: Inverse mode at  36     Hk =   4.331
 MRCHUE: Inverse mode at  37     Hk =   5.176
 MRCHUE: Inverse mode at  38     Hk =   5.999
 MRCHUE: Inverse mode at  39     Hk =   6.807
 MRCHUE: Inverse mode at  40     Hk =   7.605
 MRCHUE: Inverse mode at  41     Hk =   8.394
 MRCHUE: Inverse mode at  42     Hk =   8.847
 MRCHUE: Inverse mode at  43     Hk =   5.150
 MRCHUE: Inverse mode at  44     Hk =   3.368
    side            2  ...
 MRCHUE: Convergence failed at  14  side 2    Res =  0.4236E+01
 MRCHUE: Convergence failed at  15  side 2    Res =  0.2077E+01
 MRCHUE: Inverse mode at  16     Hk =   5.774
 MRCHUE: Inverse mode at  17     Hk =   8.326
 MRCHUE: Inverse mode at  18     Hk =  10.505
 MRCHUE: Inverse mode at  19     Hk =   2.500
 MRCHUE: Inverse mode at  20     Hk =   2.500
 MRCHUE: Inverse mode at  21     Hk =   2.500
 MRCHUE: Inverse mode at  84     Hk =   2.500

 MRCHDU: Convergence failed at  14  side 2    Res =  0.2346E+02
 MRCHDU: Convergence failed at  15  side 2    Res =  0.4776E+01
 MRCHDU: Convergence failed at  16  side 2    Res =  0.2346E+02
 MRCHDU: Convergence failed at  17  side 2    Res =  0.1009E+02
 MRCHDU: Convergence failed at  18  side 2    Res =  0.6955E+01
 MRCHDU: Convergence failed at  19  side 2    Res =  0.2166E+02
 MRCHDU: Convergence failed at  20  side 2    Res =  0.1192E+03
 MRCHDU: Convergence failed at  21  side 2    Res =  0.1563E+02
 MRCHDU: Convergence failed at  22  side 2    Res =  0.1719E+03
 MRCHDU: Convergence failed at  23  side 2    Res =  0.6200E+03
 MRCHDU: Convergence failed at  24  side 2    Res =  0.7415E+03
 MRCHDU: Convergence failed at  25  side 2    Res =  0.1319E+02
 MRCHDU: Convergence failed at  26  side 2    Res =  0.4772E+03
 MRCHDU: Convergence failed at  27  side 2    Res =  0.3448E+03
 MRCHDU: Convergence failed at  28  side 2    Res =  0.1063E+02
 MRCHDU: Convergence failed at  29  side 2    Res =  0.1583E+04
 MRCHDU: Convergence failed at  30  side 2    Res =  0.1127E+02
 MRCHDU: Convergence failed at  31  side 2    Res =  0.1025E+02
 MRCHDU: Convergence failed at  32  side 2    Res =  0.6954E+02
 MRCHDU: Convergence failed at  33  side 2    Res =  0.8412E+02
 MRCHDU: Convergence failed at  34  side 2    Res =  0.8504E+02
 MRCHDU: Convergence failed at  35  side 2    Res =  0.7471E+02
 MRCHDU: Convergence failed at  36  side 2    Res =  0.9917E+01
 MRCHDU: Convergence failed at  37  side 2    Res =  0.1035E+02
 MRCHDU: Convergence failed at  38  side 2    Res =  0.1103E+02
 MRCHDU: Convergence failed at  39  side 2    Res =  0.1965E+03
 MRCHDU: Convergence failed at  40  side 2    Res =  0.6859E+03
 MRCHDU: Convergence failed at  41  side 2    Res =  0.1053E+03
 MRCHDU: Convergence failed at  42  side 2    Res =  0.1143E+02
 MRCHDU: Convergence failed at  43  side 2    Res =  0.1751E+04
 MRCHDU: Convergence failed at  44  side 2    Res =  0.1027E+03
 MRCHDU: Convergence failed at  45  side 2    Res =  0.1291E+02
 MRCHDU: Convergence failed at  46  side 2    Res =  0.1709E+03
 MRCHDU: Convergence failed at  47  side 2    Res =  0.1321E+02
 MRCHDU: Convergence failed at  48  side 2    Res =  0.2052E+03
 MRCHDU: Convergence failed at  49  side 2    Res =  0.1385E+02
 MRCHDU: Convergence failed at  50  side 2    Res =  0.2157E+03
 MRCHDU: Convergence failed at  51  side 2    Res =  0.1376E+04
 MRCHDU: Convergence failed at  52  side 2    Res =  0.1409E+02
 MRCHDU: Convergence failed at  53  side 2    Res =  0.4739E+03
 MRCHDU: Convergence failed at  54  side 2    Res =  0.1291E+04
 MRCHDU: Convergence failed at  55  side 2    Res =  0.9980E+03
 MRCHDU: Convergence failed at  56  side 2    Res =  0.1588E+02
 MRCHDU: Convergence failed at  57  side 2    Res =  0.1698E+02
 MRCHDU: Convergence failed at  58  side 2    Res =  0.1878E+02
 MRCHDU: Convergence failed at  59  side 2    Res =  0.2100E+02
 MRCHDU: Convergence failed at  60  side 2    Res =  0.2378E+02
 MRCHDU: Convergence failed at  61  side 2    Res =  0.2729E+02
 MRCHDU: Convergence failed at  62  side 2    Res =  0.3172E+02
 MRCHDU: Convergence failed at  63  side 2    Res =  0.3715E+02
 MRCHDU: Convergence failed at  64  side 2    Res =  0.4410E+02
 MRCHDU: Convergence failed at  65  side 2    Res =  0.5338E+02
 MRCHDU: Convergence failed at  66  side 2    Res =  0.6631E+02
 MRCHDU: Convergence failed at  67  side 2    Res =  0.8546E+02
 MRCHDU: Convergence failed at  68  side 2    Res =  0.1164E+03
 MRCHDU: Convergence failed at  69  side 2    Res =  0.1776E+03
 MRCHDU: Convergence failed at  70  side 2    Res =  0.3641E+03
 MRCHDU: Convergence failed at  71  side 2    Res =  0.4111E+04
 MRCHDU: Convergence failed at  72  side 2    Res =  0.1027E+02
 MRCHDU: Convergence failed at  73  side 2    Res =  0.1179E+05
 MRCHDU: Convergence failed at  74  side 2    Res =  0.1779E+02
 MRCHDU: Convergence failed at  75  side 2    Res =  0.1784E+02
 MRCHDU: Convergence failed at  76  side 2    Res =  0.1018E+04
 MRCHDU: Convergence failed at  77  side 2    Res =  0.6956E+03
 MRCHDU: Convergence failed at  78  side 2    Res =  0.1487E+03
 MRCHDU: Convergence failed at  79  side 2    Res =  0.7140E+02
 MRCHDU: Convergence failed at  80  side 2    Res =  0.4286E+02
 MRCHDU: Convergence failed at  81  side 2    Res =  0.3967E+02
 MRCHDU: Convergence failed at  82  side 2    Res =  0.7538E+02
 MRCHDU: Convergence failed at  83  side 2    Res =  0.2183E+04
 MRCHDU: Convergence failed at  84  side 2    Res =  0.3171E+04
 Side 1  free  transition at x/c =  0.4967   42
 Side 2 forced transition at x/c =  1.0000   84

   1   rms: 0.1321E+01   max: -.1007E+01   U at   84  2   RLX: 0.314
       a =  0.000      CL = -1.3716
      Cm =  0.4142     CD =  0.00802   =>   CDf =  0.00991    CDp = -0.00188

 Side 1  free  transition at x/c =  0.5021   43
 Side 2 forced transition at x/c =  1.0000   84

   2   rms: 0.1235E+01   max: 0.2779E+01   n at   83  2   RLX: 0.272
       a =  0.000      CL = -0.7689
      Cm =  0.2613     CD =  0.00726   =>   CDf =  0.00748    CDp = -0.00022

 MRCHDU: Convergence failed at  17  side 2    Res =  0.1868E+02
 MRCHDU: Convergence failed at  18  side 2    Res =  0.4569E+01
 MRCHDU: Convergence failed at  19  side 2    Res =  0.2054E+01
 MRCHDU: Convergence failed at  20  side 2    Res =  0.1157E+01
 MRCHDU: Convergence failed at  21  side 2    Res =  0.1959E+01
 MRCHDU: Convergence failed at  22  side 2    Res =  0.2516E+01
 MRCHDU: Convergence failed at  23  side 2    Res =  0.2952E+01
 MRCHDU: Convergence failed at  24  side 2    Res =  0.3209E+01
 MRCHDU: Convergence failed at  25  side 2    Res =  0.3349E+01
 MRCHDU: Convergence failed at  26  side 2    Res =  0.3437E+01
 MRCHDU: Convergence failed at  27  side 2    Res =  0.3402E+01
 MRCHDU: Convergence failed at  28  side 2    Res =  0.3479E+01
 MRCHDU: Convergence failed at  29  side 2    Res =  0.3611E+01
 MRCHDU: Convergence failed at  30  side 2    Res =  0.3756E+01
 MRCHDU: Convergence failed at  31  side 2    Res =  0.3902E+01
 MRCHDU: Convergence failed at  32  side 2    Res =  0.4063E+01
 MRCHDU: Convergence failed at  33  side 2    Res =  0.4218E+01
 MRCHDU: Convergence failed at  34  side 2    Res =  0.4399E+01
 MRCHDU: Convergence failed at  35  side 2    Res =  0.4534E+01
 MRCHDU: Convergence failed at  36  side 2    Res =  0.4646E+01
 MRCHDU: Convergence failed at  37  side 2    Res =  0.4764E+01
 MRCHDU: Convergence failed at  38  side 2    Res =  0.4875E+01
 MRCHDU: Convergence failed at  39  side 2    Res =  0.5364E+01
 MRCHDU: Convergence failed at  40  side 2    Res =  0.5551E+01
 MRCHDU: Convergence failed at  41  side 2    Res =  0.5735E+01
 MRCHDU: Convergence failed at  42  side 2    Res =  0.6410E+01
 MRCHDU: Convergence failed at  43  side 2    Res =  0.7972E+01
 MRCHDU: Convergence failed at  44  side 2    Res =  0.8532E+01
 MRCHDU: Convergence failed at  45  side 2    Res =  0.9155E+01
 MRCHDU: Convergence failed at  46  side 2    Res =  0.1281E+02
 MRCHDU: Convergence failed at  47  side 2    Res =  0.1423E+02
 MRCHDU: Convergence failed at  48  side 2    Res =  0.1585E+02
 MRCHDU: Convergence failed at  49  side 2    Res =  0.1734E+02
 MRCHDU: Convergence failed at  50  side 2    Res =  0.1867E+02
 MRCHDU: Convergence failed at  51  side 2    Res =  0.1994E+02
 MRCHDU: Convergence failed at  52  side 2    Res =  0.2122E+02
 MRCHDU: Convergence failed at  53  side 2    Res =  0.2259E+02
 MRCHDU: Convergence failed at  54  side 2    Res =  0.2413E+02
 MRCHDU: Convergence failed at  55  side 2    Res =  0.2587E+02
 MRCHDU: Convergence failed at  56  side 2    Res =  0.3810E+02
 MRCHDU: Convergence failed at  57  side 2    Res =  0.4409E+02
 MRCHDU: Convergence failed at  58  side 2    Res =  0.6702E+02
 MRCHDU: Convergence failed at  59  side 2    Res =  0.7763E+02
 MRCHDU: Convergence failed at  60  side 2    Res =  0.1659E+03
 MRCHDU: Convergence failed at  61  side 2    Res =  0.1589E+03
 MRCHDU: Convergence failed at  62  side 2    Res =  0.1097E+03
 MRCHDU: Convergence failed at  63  side 2    Res =  0.6823E+02
 MRCHDU: Convergence failed at  64  side 2    Res =  0.4485E+02
 MRCHDU: Convergence failed at  65  side 2    Res =  0.3150E+02
 MRCHDU: Convergence failed at  66  side 2    Res =  0.2115E+02
 MRCHDU: Convergence failed at  67  side 2    Res =  0.1699E+02
 MRCHDU: Convergence failed at  68  side 2    Res =  0.1391E+02
 MRCHDU: Convergence failed at  69  side 2    Res =  0.1161E+02
 MRCHDU: Convergence failed at  70  side 2    Res =  0.9886E+01
 MRCHDU: Convergence failed at  71  side 2    Res =  0.8484E+01
 MRCHDU: Convergence failed at  72  side 2    Res =  0.7326E+01
 MRCHDU: Convergence failed at  73  side 2    Res =  0.6355E+01
 MRCHDU: Convergence failed at  74  side 2    Res =  0.5337E+01
 MRCHDU: Convergence failed at  75  side 2    Res =  0.4672E+01
 MRCHDU: Convergence failed at  76  side 2    Res =  0.4062E+01
 MRCHDU: Convergence failed at  77  side 2    Res =  0.3500E+01
 MRCHDU: Convergence failed at  78  side 2    Res =  0.2782E+01
 MRCHDU: Convergence failed at  79  side 2    Res =  0.2426E+01
 MRCHDU: Convergence failed at  80  side 2    Res =  0.2062E+01
 MRCHDU: Convergence failed at  81  side 2    Res =  0.2541E+01
 MRCHDU: Convergence failed at  82  side 2    Res =  0.3187E+01
 MRCHDU: Convergence failed at  83  side 2    Res =  0.4047E+01
 MRCHDU: Convergence failed at  84  side 2    Res =  0.5327E+01
 Side 1  free  transition at x/c =  0.5037   43
 Side 2  free  transition at x/c =  0.0616   18

   3   rms: 0.1802E+01   max: 0.1474E+02   C at   18  2   RLX: 0.054
       a =  0.000      CL = -1.3935
      Cm =  0.4057     CD =  0.00738   =>   CDf =  0.00420    CDp =  0.00318

 Side 1  free  transition at x/c =  0.5039   43
 Side 2  free  transition at x/c =  0.0459   17

   4   rms: 0.1145E+01   max: 0.7622E+01   T at   17  2   RLX: 0.197
       a =  0.000      CL = -0.9315
      Cm =  0.2943     CD =  0.00983   =>   CDf =  0.01473    CDp = -0.00491

 MRCHDU: Convergence failed at  17  side 2    Res =  0.1332E+03
 MRCHDU: Convergence failed at  18  side 2    Res =  0.6922E+01
 MRCHDU: Convergence failed at  19  side 2    Res =  0.4981E+01
 MRCHDU: Convergence failed at  20  side 2    Res =  0.5315E+01
 MRCHDU: Convergence failed at  21  side 2    Res =  0.7318E+01
 MRCHDU: Convergence failed at  22  side 2    Res =  0.3805E+01
 MRCHDU: Convergence failed at  23  side 2    Res =  0.6551E+02
 MRCHDU: Convergence failed at  24  side 2    Res =  0.3812E+02
 MRCHDU: Convergence failed at  25  side 2    Res =  0.3397E+02
 MRCHDU: Convergence failed at  26  side 2    Res =  0.2643E+02
 MRCHDU: Convergence failed at  27  side 2    Res =  0.2517E+02
 MRCHDU: Convergence failed at  28  side 2    Res =  0.2420E+02
 MRCHDU: Convergence failed at  29  side 2    Res =  0.2348E+02
 MRCHDU: Convergence failed at  30  side 2    Res =  0.2297E+02
 MRCHDU: Convergence failed at  31  side 2    Res =  0.2216E+02
 MRCHDU: Convergence failed at  32  side 2    Res =  0.2206E+02
 MRCHDU: Convergence failed at  33  side 2    Res =  0.2201E+02
 MRCHDU: Convergence failed at  34  side 2    Res =  0.2197E+02
 MRCHDU: Convergence failed at  35  side 2    Res =  0.2193E+02
 MRCHDU: Convergence failed at  36  side 2    Res =  0.2188E+02
 MRCHDU: Convergence failed at  37  side 2    Res =  0.2181E+02
 MRCHDU: Convergence failed at  38  side 2    Res =  0.2172E+02
 MRCHDU: Convergence failed at  39  side 2    Res =  0.2160E+02
 MRCHDU: Convergence failed at  40  side 2    Res =  0.2146E+02
 MRCHDU: Convergence failed at  41  side 2    Res =  0.2130E+02
 MRCHDU: Convergence failed at  42  side 2    Res =  0.2110E+02
 MRCHDU: Convergence failed at  43  side 2    Res =  0.2087E+02
 MRCHDU: Convergence failed at  44  side 2    Res =  0.2060E+02
 MRCHDU: Convergence failed at  45  side 2    Res =  0.2030E+02
 MRCHDU: Convergence failed at  46  side 2    Res =  0.1996E+02
 MRCHDU: Convergence failed at  47  side 2    Res =  0.1959E+02
 MRCHDU: Convergence failed at  48  side 2    Res =  0.1920E+02
 MRCHDU: Convergence failed at  49  side 2    Res =  0.1881E+02
 MRCHDU: Convergence failed at  50  side 2    Res =  0.1840E+02
 MRCHDU: Convergence failed at  51  side 2    Res =  0.1797E+02
 MRCHDU: Convergence failed at  52  side 2    Res =  0.1756E+02
 MRCHDU: Convergence failed at  53  side 2    Res =  0.1714E+02
 MRCHDU: Convergence failed at  54  side 2    Res =  0.1672E+02
 MRCHDU: Convergence failed at  55  side 2    Res =  0.1630E+02
 MRCHDU: Convergence failed at  56  side 2    Res =  0.1587E+02
 MRCHDU: Convergence failed at  57  side 2    Res =  0.1543E+02
 MRCHDU: Convergence failed at  58  side 2    Res =  0.1500E+02
 MRCHDU: Convergence failed at  59  side 2    Res =  0.1457E+02
 MRCHDU: Convergence failed at  60  side 2    Res =  0.1416E+02
 MRCHDU: Convergence failed at  61  side 2    Res =  0.1375E+02
 MRCHDU: Convergence failed at  62  side 2    Res =  0.1337E+02
 MRCHDU: Convergence failed at  63  side 2    Res =  0.1301E+02
 MRCHDU: Convergence failed at  64  side 2    Res =  0.1268E+02
 MRCHDU: Convergence failed at  65  side 2    Res =  0.1237E+02
 MRCHDU: Convergence failed at  66  side 2    Res =  0.1208E+02
 MRCHDU: Convergence failed at  67  side 2    Res =  0.1181E+02
 MRCHDU: Convergence failed at  68  side 2    Res =  0.1142E+02
 MRCHDU: Convergence failed at  69  side 2    Res =  0.9559E+01
 MRCHDU: Convergence failed at  70  side 2    Res =  0.9572E+01
 MRCHDU: Convergence failed at  71  side 2    Res =  0.9590E+01
 MRCHDU: Convergence failed at  72  side 2    Res =  0.9611E+01
 MRCHDU: Convergence failed at  73  side 2    Res =  0.9635E+01
 MRCHDU: Convergence failed at  74  side 2    Res =  0.9663E+01
 MRCHDU: Convergence failed at  75  side 2    Res =  0.9695E+01
 MRCHDU: Convergence failed at  76  side 2    Res =  0.9732E+01
 MRCHDU: Convergence failed at  77  side 2    Res =  0.9777E+01
 MRCHDU: Convergence failed at  78  side 2    Res =  0.9835E+01
 MRCHDU: Convergence failed at  79  side 2    Res =  0.9905E+01
 MRCHDU: Convergence failed at  80  side 2    Res =  0.9994E+01
 MRCHDU: Convergence failed at  81  side 2    Res =  0.1009E+02
 MRCHDU: Convergence failed at  82  side 2    Res =  0.1020E+02
 MRCHDU: Convergence failed at  83  side 2    Res =  0.1032E+02
 MRCHDU: Convergence failed at  84  side 2    Res =  0.1042E+02
 Side 1  free  transition at x/c =  0.5048   43
 Side 2  free  transition at x/c =  0.0385   16

   5   rms: 0.1304E+01   max: 0.4765E+01   D at   27  2   RLX: 0.315
       a =  0.000      CL = -0.8755
      Cm =  0.2731     CD =  0.00756   =>   CDf =  0.00390    CDp =  0.00366

 Side 1  free  transition at x/c =  0.5060   43
 Side 2  free  transition at x/c =  0.0468   17

   6   rms: 0.8185E+00   max: -.1113E+02   T at   17  2   RLX: 0.045
       a =  0.000      CL = -0.4850
      Cm =  0.1435     CD =  0.06556   =>   CDf =  0.00414    CDp =  0.06142

 Side 1  free  transition at x/c =  0.5064   43
 Side 2  free  transition at x/c =  0.0537   18

   7   rms: 0.2151E+01   max: 0.3218E+02   T at   18  2   RLX: 0.047
       a =  0.000      CL = -0.4435
      Cm =  0.1244     CD =  0.06018   =>   CDf =  0.00411    CDp =  0.05607

 Side 1  free  transition at x/c =  0.5078   43
 Side 2  free  transition at x/c =  0.0505   17

   8   rms: 0.2509E+01   max: 0.1437E+02   T at   18  2   RLX: 0.104
       a =  0.000      CL = -0.3798
      Cm =  0.0946     CD =  0.06254   =>   CDf =  0.00401    CDp =  0.05854

 MRCHDU: Convergence failed at  19  side 2    Res =  0.1342E+02
 MRCHDU: Convergence failed at  20  side 2    Res =  0.2530E+02
 MRCHDU: Convergence failed at  21  side 2    Res =  0.1548E+02
 MRCHDU: Convergence failed at  22  side 2    Res =  0.1871E+02
 MRCHDU: Convergence failed at  23  side 2    Res =  0.6825E+04
 MRCHDU: Convergence failed at  24  side 2    Res =  0.3084E+02
 MRCHDU: Convergence failed at  25  side 2    Res =  0.1411E+02
 MRCHDU: Convergence failed at  26  side 2    Res =  0.2208E+02
 MRCHDU: Convergence failed at  27  side 2    Res =  0.3766E+02
 MRCHDU: Convergence failed at  28  side 2    Res =  0.9238E+02
 MRCHDU: Convergence failed at  29  side 2    Res =  0.1793E+04
 MRCHDU: Convergence failed at  30  side 2    Res =  0.7276E+02
 MRCHDU: Convergence failed at  31  side 2    Res =  0.4741E+02
 MRCHDU: Convergence failed at  32  side 2    Res =  0.3499E+02
 MRCHDU: Convergence failed at  33  side 2    Res =  0.2758E+02
 MRCHDU: Convergence failed at  34  side 2    Res =  0.2389E+02
 MRCHDU: Convergence failed at  35  side 2    Res =  0.2227E+02
 MRCHDU: Convergence failed at  36  side 2    Res =  0.1425E+02
 MRCHDU: Convergence failed at  37  side 2    Res =  0.1511E+02
 MRCHDU: Convergence failed at  38  side 2    Res =  0.1589E+02
 MRCHDU: Convergence failed at  39  side 2    Res =  0.1741E+02
 MRCHDU: Convergence failed at  40  side 2    Res =  0.1792E+02
 MRCHDU: Convergence failed at  41  side 2    Res =  0.1821E+02
 MRCHDU: Convergence failed at  42  side 2    Res =  0.1830E+02
 MRCHDU: Convergence failed at  43  side 2    Res =  0.1731E+02
 MRCHDU: Convergence failed at  44  side 2    Res =  0.1708E+02
 MRCHDU: Convergence failed at  45  side 2    Res =  0.1676E+02
 MRCHDU: Convergence failed at  46  side 2    Res =  0.2431E+02
 MRCHDU: Convergence failed at  47  side 2    Res =  0.2685E+02
 MRCHDU: Convergence failed at  48  side 2    Res =  0.2926E+02
 MRCHDU: Convergence failed at  49  side 2    Res =  0.3318E+02
 MRCHDU: Convergence failed at  50  side 2    Res =  0.4018E+02
 MRCHDU: Convergence failed at  51  side 2    Res =  0.5131E+02
 MRCHDU: Convergence failed at  52  side 2    Res =  0.6563E+02
 MRCHDU: Convergence failed at  53  side 2    Res =  0.9220E+02
 MRCHDU: Convergence failed at  54  side 2    Res =  0.1614E+03
 MRCHDU: Convergence failed at  55  side 2    Res =  0.8804E+04
 MRCHDU: Convergence failed at  56  side 2    Res =  0.1897E+03
 MRCHDU: Convergence failed at  57  side 2    Res =  0.1039E+03
 MRCHDU: Convergence failed at  58  side 2    Res =  0.7036E+02
 MRCHDU: Convergence failed at  59  side 2    Res =  0.5557E+02
 MRCHDU: Convergence failed at  60  side 2    Res =  0.4443E+02
 MRCHDU: Convergence failed at  61  side 2    Res =  0.3623E+02
 MRCHDU: Convergence failed at  62  side 2    Res =  0.3187E+02
 MRCHDU: Convergence failed at  63  side 2    Res =  0.2799E+02
 MRCHDU: Convergence failed at  64  side 2    Res =  0.3419E+02
 MRCHDU: Convergence failed at  65  side 2    Res =  0.4152E+02
 MRCHDU: Convergence failed at  66  side 2    Res =  0.5463E+02
 MRCHDU: Convergence failed at  67  side 2    Res =  0.7474E+02
 MRCHDU: Convergence failed at  68  side 2    Res =  0.1103E+03
 MRCHDU: Convergence failed at  69  side 2    Res =  0.2625E+03
 MRCHDU: Convergence failed at  70  side 2    Res =  0.1457E+04
 MRCHDU: Convergence failed at  71  side 2    Res =  0.2185E+03
 MRCHDU: Convergence failed at  72  side 2    Res =  0.1335E+03
 MRCHDU: Convergence failed at  73  side 2    Res =  0.1005E+03
 MRCHDU: Convergence failed at  74  side 2    Res =  0.8740E+02
 MRCHDU: Convergence failed at  75  side 2    Res =  0.7942E+02
 MRCHDU: Convergence failed at  76  side 2    Res =  0.7333E+02
 MRCHDU: Convergence failed at  77  side 2    Res =  0.6900E+02
 MRCHDU: Convergence failed at  78  side 2    Res =  0.6770E+02
 MRCHDU: Convergence failed at  79  side 2    Res =  0.7122E+02
 MRCHDU: Convergence failed at  80  side 2    Res =  0.7946E+02
 MRCHDU: Convergence failed at  81  side 2    Res =  0.1018E+03
 MRCHDU: Convergence failed at  82  side 2    Res =  0.1518E+03
 MRCHDU: Convergence failed at  83  side 2    Res =  0.4153E+03
 MRCHDU: Convergence failed at  84  side 2    Res =  0.1525E+04
 MRCHDU: Convergence failed at  85  side 2    Res =  0.4649E+03
 Side 1  free  transition at x/c =  0.5097   42
 Side 2  free  transition at x/c =  0.0523   19

   9   rms: 0.2769E+01   max: -.5327E+02   T at   19  2   RLX: 0.009
       a =  0.000      CL = -1.6197
      Cm =  0.4607     CD =  0.00642   =>   CDf =  0.00357    CDp =  0.00286

 Side 1  free  transition at x/c =  0.5097   42
 Side 2  free  transition at x/c =  0.0551   19

  10   rms: 0.5139E+01   max: -.1009E+03   T at   19  2   RLX: 0.005
       a =  0.000      CL = -1.2007
      Cm =  0.3222     CD =  0.06051   =>   CDf =  0.00402    CDp =  0.05649

 Side 1  free  transition at x/c =  0.5100   42
 Side 2  free  transition at x/c =  0.0543   19

  11   rms: 0.1735E+01   max: -.1949E+02   T at   19  2   RLX: 0.026
       a =  0.000      CL = -1.2272
      Cm =  0.3286     CD =  0.06374   =>   CDf =  0.00402    CDp =  0.05972

 Side 1  free  transition at x/c =  0.5116   42
 Side 2  free  transition at x/c =  0.0539   19

  12   rms: 0.1187E+01   max: 0.5067E+01   D at   93  2   RLX: 0.137
       a =  0.000      CL = -1.2159
      Cm =  0.3168     CD =  0.07050   =>   CDf =  0.00402    CDp =  0.06648

 Side 1  free  transition at x/c =  0.5228   43
 Side 2  free  transition at x/c =  0.0349   17

  13   rms: 0.8640E+00   max: 0.7361E+01   T at   17  2   RLX: 0.180
       a =  0.000      CL = -1.0399
      Cm =  0.2706     CD =  0.07451   =>   CDf =  0.00387    CDp =  0.07064

 Side 1  free  transition at x/c =  0.5254   43
 Side 2  free  transition at x/c =  0.0287   16

  14   rms: 0.1987E+02   max: -.1058E+03   T at   19  2   RLX: 0.005
       a =  0.000      CL = -1.0301
      Cm =  0.2817     CD =  0.23959   =>   CDf =  0.00407    CDp =  0.23552

 MRCHDU: Convergence failed at  19  side 2    Res =  0.2670E-02
 MRCHDU: Convergence failed at  20  side 2    Res =  0.1461E-01
 Side 1  free  transition at x/c =  0.5262   43
 Side 2  free  transition at x/c =  0.0287   16

  15   rms: 0.8342E+02   max: 0.2495E+03   T at   85  2   RLX: 0.006
       a =  0.000      CL = -0.9776
      Cm =  0.2518     CD =  0.32445   =>   CDf =  0.00400    CDp =  0.32045

 MRCHDU: Convergence failed at  97  side 2    Res =  0.2904E+01
 MRCHDU: Convergence failed at  98  side 2    Res =  0.1421E+01
 MRCHDU: Convergence failed at  99  side 2    Res =  0.7190E+01
 MRCHDU: Convergence failed at 100  side 2    Res =  0.3404E+02
 MRCHDU: Convergence failed at 101  side 2    Res =  0.7735E+01
 MRCHDU: Convergence failed at 102  side 2    Res =  0.2107E+01
 MRCHDU: Convergence failed at 103  side 2    Res =  0.1498E+01
 MRCHDU: Convergence failed at 104  side 2    Res =  0.2479E+01
 MRCHDU: Convergence failed at 105  side 2    Res =  0.3062E+01
 Side 1  free  transition at x/c =  0.5199   42
 Side 2  free  transition at x/c =  0.0287   17

  16   rms: 0.7581E+01   max: -.3528E+02   T at   20  2   RLX: 0.014
       a =  0.000      CL = -1.0682
      Cm =  0.2887     CD =  0.12898   =>   CDf =  0.00378    CDp =  0.12520

 MRCHDU: Convergence failed at  20  side 2    Res =  0.1225E-01
 Side 1  free  transition at x/c =  0.5208   43
 Side 2  free  transition at x/c =  0.0287   16

  17   rms: 0.2889E+02   max: -.1453E+03   T at    2  1   RLX: 0.003
       a =  0.000      CL = -1.0364
      Cm =  0.2823     CD =  0.16184   =>   CDf =  0.00372    CDp =  0.15812

 Side 1  free  transition at x/c =  0.5222   43
 Side 2  free  transition at x/c =  0.0287   16

  18   rms: 0.1221E+02   max: -.7590E+02   T at   19  2   RLX: 0.007
       a =  0.000      CL = -1.0158
      Cm =  0.2792     CD =  0.16568   =>   CDf =  0.00380    CDp =  0.16187

 Side 1  free  transition at x/c =  0.5230   43
 Side 2  free  transition at x/c =  0.0287   16

  19   rms: 0.6993E+01   max: -.1326E+03   T at   19  2   RLX: 0.004
       a =  0.000      CL = -1.0086
      Cm =  0.2783     CD =  0.18167   =>   CDf =  0.00385    CDp =  0.17781

 Side 1  free  transition at x/c =  0.5230   43
 Side 2  free  transition at x/c =  0.0287   16

  20   rms: 0.6224E+01   max: -.1141E+03   T at   19  2   RLX: 0.004
       a =  0.000      CL = -1.0069
      Cm =  0.2795     CD =  0.18908   =>   CDf =  0.00386    CDp =  0.18522

 Side 1  free  transition at x/c =  0.5230   43
 Side 2  free  transition at x/c =  0.0287   16

  21   rms: 0.5277E+01   max: -.7491E+02   T at   18  2   RLX: 0.007
       a =  0.000      CL = -1.0064
      Cm =  0.2818     CD =  0.19947   =>   CDf =  0.00387    CDp =  0.19560

 Side 1  free  transition at x/c =  0.5230   43
 Side 2  free  transition at x/c =  0.0287   16

  22   rms: 0.4501E+01   max: -.1311E+02   T at  108  2   RLX: 0.038
       a =  0.000      CL = -0.9683
      Cm =  0.2792     CD =  0.06818   =>   CDf =  0.00388    CDp =  0.06431

 MRCHDU: Convergence failed at  18  side 2    Res =  0.6550E-02
 MRCHDU: Convergence failed at  19  side 2    Res =  0.3223E-03
 MRCHDU: Convergence failed at  20  side 2    Res =  0.7567E-04
 Side 1  free  transition at x/c =  0.5235   43
 Side 2  free  transition at x/c =  0.0287   16

  23   rms: 0.7874E+01   max: -.2993E+02   T at  106  2   RLX: 0.017
       a =  0.000      CL = -0.9274
      Cm =  0.2698     CD =  0.15369   =>   CDf =  0.00394    CDp =  0.14975

 Side 1  free  transition at x/c =  0.5233   43
 Side 2  free  transition at x/c =  0.0287   16

  24   rms: 0.1786E+02   max: -.1454E+03   T at   18  2   RLX: 0.003
       a =  0.000      CL = -0.9213
      Cm =  0.2691     CD =  0.71092   =>   CDf =  0.00394    CDp =  0.70698

 Side 1  free  transition at x/c =  0.5233   43
 Side 2  free  transition at x/c =  0.0287   16

  25   rms: 0.2541E+02   max: -.3662E+03   T at   18  2   RLX: 0.001
       a =  0.000      CL = -0.9188
      Cm =  0.2690     CD =  1.05083   =>   CDf =  0.00395    CDp =  1.04688

 Side 1  free  transition at x/c =  0.5233   43
 Side 2  free  transition at x/c =  0.0287   16

  26   rms: 0.2127E+02   max: -.1147E+03   C at   86  2   RLX: 0.004
       a =  0.000      CL = -0.9124
      Cm =  0.2671     CD =  1.46037   =>   CDf =  0.00395    CDp =  1.45642

 Side 1  free  transition at x/c =  0.5232   43
 Side 2  free  transition at x/c =  0.0287   16

  27   rms: 0.4501E+02   max: -.4598E+03   T at   18  2   RLX: 0.001
       a =  0.000      CL = -0.9129
      Cm =  0.2681     CD =  1.49140   =>   CDf =  0.00394    CDp =  1.48746

 Side 1  free  transition at x/c =  0.5232   43
 Side 2  free  transition at x/c =  0.0287   16

  28   rms: 0.2426E+02   max: -.1277E+03   C at   86  2   RLX: 0.004
       a =  0.000      CL = -0.9087
      Cm =  0.2669     CD =  3.67252   =>   CDf =  0.00394    CDp =  3.66857

 Side 1  free  transition at x/c =  0.5231   43
 Side 2  free  transition at x/c =  0.0287   16

  29   rms: 0.4633E+02   max: -.1814E+03   C at   85  2   RLX: 0.003
       a =  0.000      CL = -0.9027
      Cm =  0.2641     CD = 20.63355   =>   CDf =  0.00394    CDp = 20.62961

 Side 1  free  transition at x/c =  0.5230   43
 Side 2  free  transition at x/c =  0.0287   16

  30   rms: 0.2412E+02   max: -.2150E+03   T at   18  2   RLX: 0.002
       a =  0.000      CL = -0.9057
      Cm =  0.2659     CD = 11.11986   =>   CDf =  0.00393    CDp = 11.11592

 Side 1  free  transition at x/c =  0.5230   43
 Side 2  free  transition at x/c =  0.0287   16

  31   rms: 0.4651E+02   max: -.1892E+03   T at  108  2   RLX: 0.003
       a =  0.000      CL = -0.9028
      Cm =  0.2638     CD =*********   =>   CDf =  0.00393    CDp =*********

 Side 1  free  transition at x/c =  0.5229   43
 Side 2  free  transition at x/c =  0.0287   16

  32   rms: 0.2091E+02   max: -.1391E+03   T at   18  2   RLX: 0.004
       a =  0.000      CL = -0.9043
      Cm =  0.2657     CD =*********   =>   CDf =  0.00393    CDp =*********

 Side 1  free  transition at x/c =  0.5228   43
 Side 2  free  transition at x/c =  0.0287   16

  33   rms: 0.7821E+02   max: -.5108E+03   T at  108  2   RLX: 0.001
       a =  0.000      CL = -0.9075
      Cm =  0.2655     CD =*********   =>   CDf =  0.00393    CDp =*********

 Side 1  free  transition at x/c =  0.5227   43
 Side 2  free  transition at x/c =  0.0287   16

  34   rms: 0.2137E+02   max: -.2463E+03   T at  108  2   RLX: 0.002
       a =  0.000      CL = -0.9079
      Cm =  0.2664     CD =*********   =>   CDf =  0.00392    CDp =*********

 Side 1  free  transition at x/c =  0.5226   43
 Side 2  free  transition at x/c =  0.0287   16

  35   rms: 0.1348E+04   max: 0.7588E+04   T at  108  2   RLX: 0.000
       a =  0.000      CL = -0.9103
      Cm =  0.2685     CD =*********   =>   CDf =  0.00392    CDp =*********

 Side 1  free  transition at x/c =  0.5226   43
 Side 2  free  transition at x/c =  0.0287   16

  36   rms: 0.1654E+02   max: -.3131E+03   T at  108  2   RLX: 0.002
       a =  0.000      CL = -0.9144
      Cm =  0.2697     CD =*********   =>   CDf =  0.00393    CDp =*********

 Side 1  free  transition at x/c =  0.5226   43
 Side 2  free  transition at x/c =  0.0287   16

  37   rms: 0.2002E+02   max: -.3276E+03   T at  108  2   RLX: 0.002
       a =  0.000      CL = -0.9121
      Cm =  0.2690     CD =*********   =>   CDf =  0.00393    CDp =*********

 Side 1  free  transition at x/c =  0.5226   43
 Side 2  free  transition at x/c =  0.0287   16

  38   rms: 0.2192E+02   max: -.2903E+03   T at  108  2   RLX: 0.002
       a =  0.000      CL = -0.9095
      Cm =  0.2683     CD =*********   =>   CDf =  0.00392    CDp =*********

 Side 1  free  transition at x/c =  0.5225   43
 Side 2  free  transition at x/c =  0.0287   16

  39   rms: 0.1397E+02   max: -.1575E+03   T at  108  2   RLX: 0.003
       a =  0.000      CL = -0.9049
      Cm =  0.2671     CD = Infinity   =>   CDf =  0.00392    CDp = Infinity

 Side 1  free  transition at x/c =  0.5225   43
 Side 2  free  transition at x/c =  0.0287   16

  40   rms: 0.1727E+02   max: -.1188E+03   T at  108  2   RLX: 0.004
       a =  0.000      CL = -0.8986
      Cm =  0.2653     CD = Infinity   =>   CDf =  0.00392    CDp = Infinity

 Side 1  free  transition at x/c =  0.5224   43
 Side 2  free  transition at x/c =  0.0287   16

  41   rms: 0.2360E+02   max: -.1164E+03   C at   87  2   RLX: 0.004
       a =  0.000      CL = -0.8921
      Cm =  0.2633     CD = Infinity   =>   CDf =  0.00392    CDp = Infinity

 Side 1  free  transition at x/c =  0.5224   43
 Side 2  free  transition at x/c =  0.0287   16

  42   rms: 0.2392E+02   max: -.1220E+03   C at   87  2   RLX: 0.004
       a =  0.000      CL = -0.8864
      Cm =  0.2615     CD = Infinity   =>   CDf =  0.00392    CDp = Infinity

 Side 1  free  transition at x/c =  0.5223   43
 Side 2  free  transition at x/c =  0.0287   16

  43   rms: 0.2392E+02   max: -.1973E+03   T at   85  2   RLX: 0.003
       a =  0.000      CL = -0.8842
      Cm =  0.2619     CD = Infinity   =>   CDf =  0.00392    CDp = Infinity

 Side 1  free  transition at x/c =  0.5223   43
 Side 2  free  transition at x/c =  0.0287   16

  44   rms: 0.5566E+02   max: -.5179E+03   T at   85  2   RLX: 0.001
       a =  0.000      CL = -0.8857
      Cm =  0.2630     CD = Infinity   =>   CDf =  0.00392    CDp = Infinity

 Side 1  free  transition at x/c =  0.5222   43
 Side 2  free  transition at x/c =  0.0287   16

  45   rms: 0.2701E+02   max: -.1265E+03   C at   85  2   RLX: 0.004
       a =  0.000      CL = -0.8804
      Cm =  0.2611     CD = Infinity   =>   CDf =  0.00392    CDp = Infinity

 Side 1  free  transition at x/c =  0.5222   43
 Side 2  free  transition at x/c =  0.0287   16

  46   rms: 0.1013E+03   max: 0.7772E+03   T at   85  2   RLX: 0.001
       a =  0.000      CL = -0.8785
      Cm =  0.2595     CD = Infinity   =>   CDf =  0.00392    CDp = Infinity

 Side 1  free  transition at x/c =  0.5223   43
 Side 2  free  transition at x/c =  0.0287   16

  47   rms: 0.1998E+02   max: -.2337E+03   T at   85  2   RLX: 0.002
       a =  0.000      CL = -0.8785
      Cm =  0.2602     CD = Infinity   =>   CDf =  0.00392    CDp = Infinity

 Side 1  free  transition at x/c =  0.5222   43
 Side 2  free  transition at x/c =  0.0287   16

  48   rms: 0.4014E+02   max: -.5233E+03   T at   85  2   RLX: 0.001
       a =  0.000      CL = -0.8783
      Cm =  0.2606     CD = Infinity   =>   CDf =  0.00392    CDp = Infinity

 Side 1  free  transition at x/c =  0.5222   43
 Side 2  free  transition at x/c =  0.0287   16

  49   rms: 0.2221E+02   max: -.3356E+03   T at   85  2   RLX: 0.001
       a =  0.000      CL = -0.8768
      Cm =  0.2605     CD = Infinity   =>   CDf =  0.00392    CDp = Infinity

 Side 1  free  transition at x/c =  0.5221   43
 Side 2  free  transition at x/c =  0.0287   16

  50   rms: 0.1640E+03   max: -.1507E+04   T at   85  2   RLX: 0.000
       a =  0.000      CL = -0.8771
      Cm =  0.2612     CD = Infinity   =>   CDf =  0.00392    CDp = Infinity

 Side 1  free  transition at x/c =  0.5221   43
 Side 2  free  transition at x/c =  0.0287   16

  51   rms: 0.1067E+03   max: -.7098E+03   T at   85  2   RLX: 0.001
       a =  0.000      CL = -0.8768
      Cm =  0.2611     CD = Infinity   =>   CDf =  0.00392    CDp = Infinity

 Side 1  free  transition at x/c =  0.5221   43
 Side 2  free  transition at x/c =  0.0287   16

  52   rms: 0.4202E+03   max: -.3350E+04   C at   85  2   RLX: 0.000
       a =  0.000      CL = -0.8766
      Cm =  0.2611     CD = Infinity   =>   CDf =  0.00392    CDp = Infinity

 Side 1  free  transition at x/c =  0.5221   43
 Side 2  free  transition at x/c =  0.0287   16

  53   rms: 0.1276E+04   max: -.1118E+05   C at   85  2   RLX: 0.000
       a =  0.000      CL = -0.8765
      Cm =  0.2610     CD = Infinity   =>   CDf =  0.00392    CDp = Infinity

 Side 1  free  transition at x/c =  0.5221   43
 Side 2  free  transition at x/c =  0.0287   16

  54   rms: 0.2514E+04   max: -.2261E+05   C at   85  2   RLX: 0.000
       a =  0.000      CL = -0.8765
      Cm =  0.2610     CD = Infinity   =>   CDf =  0.00392    CDp = Infinity

 Side 1  free  transition at x/c =  0.5221   43
 Side 2  free  transition at x/c =  0.0287   16

  55   rms: 0.4552E+04   max: -.4126E+05   C at   85  2   RLX: 0.000
       a =  0.000      CL = -0.8765
      Cm =  0.2610     CD = Infinity   =>   CDf =  0.00392    CDp = Infinity

 Side 1  free  transition at x/c =  0.5221   43
 Side 2  free  transition at x/c =  0.0287   16

  56   rms: 0.8172E+04   max: -.7419E+05   C at   85  2   RLX: 0.000
       a =  0.000      CL = -0.8765
      Cm =  0.2610     CD = Infinity   =>   CDf =  0.00392    CDp = Infinity

 Side 1  free  transition at x/c =  0.5221   43
 Side 2  free  transition at x/c =  0.0287   16

  57   rms: 0.1457E+05   max: -.1323E+06   C at   85  2   RLX: 0.000
       a =  0.000      CL = -0.8765
      Cm =  0.2610     CD = Infinity   =>   CDf =  0.00392    CDp = Infinity

 Side 1  free  transition at x/c =  0.5221   43
 Side 2  free  transition at x/c =  0.0287   16

  58   rms: 0.2582E+05   max: -.2343E+06   C at   85  2   RLX: 0.000
       a =  0.000      CL = -0.8765
      Cm =  0.2610     CD = Infinity   =>   CDf =  0.00392    CDp = Infinity

 Side 1  free  transition at x/c =  0.5221   43
 Side 2  free  transition at x/c =  0.0287   16

  59   rms: 0.4566E+05   max: -.4143E+06   C at   85  2   RLX: 0.000
       a =  0.000      CL = -0.8765
      Cm =  0.2610     CD = Infinity   =>   CDf =  0.00392    CDp = Infinity

 Side 1  free  transition at x/c =  0.5221   43
 Side 2  free  transition at x/c =  0.0287   16

  60   rms: 0.8087E+05   max: -.7336E+06   C at   85  2   RLX: 0.000
       a =  0.000      CL = -0.8765
      Cm =  0.2610     CD = Infinity   =>   CDf =  0.00392    CDp = Infinity

 Side 1  free  transition at x/c =  0.5221   43
 Side 2  free  transition at x/c =  0.0287   16

  61   rms: 0.1440E+06   max: -.1307E+07   C at   85  2   RLX: 0.000
       a =  0.000      CL = -0.8765
      Cm =  0.2610     CD = Infinity   =>   CDf =  0.00392    CDp = Infinity

 Side 1  free  transition at x/c =  0.5221   43
 Side 2  free  transition at x/c =  0.0287   16

  62   rms: 0.2598E+06   max: -.2356E+07   C at   84  2   RLX: 0.000
       a =  0.000      CL = -0.8765
      Cm =  0.2610     CD = Infinity   =>   CDf =  0.00392    CDp = Infinity

 Side 1  free  transition at x/c =  0.5221   43
 Side 2  free  transition at x/c =  0.0287   16

  63   rms: 0.4797E+06   max: -.4350E+07   C at   84  2   RLX: 0.000
       a =  0.000      CL = -0.8765
      Cm =  0.2610     CD = Infinity   =>   CDf =  0.00392    CDp = Infinity

 Side 1  free  transition at x/c =  0.5221   43
 Side 2  free  transition at x/c =  0.0287   16

  64   rms: 0.9269E+06   max: -.8405E+07   C at   84  2   RLX: 0.000
       a =  0.000      CL = -0.8765
      Cm =  0.2610     CD = Infinity   =>   CDf =  0.00392    CDp = Infinity

 Side 1  free  transition at x/c =  0.5221   43
 Side 2  free  transition at x/c =  0.0287   16

  65   rms: 0.1966E+07   max: -.1783E+08   C at   84  2   RLX: 0.000
       a =  0.000      CL = -0.8765
      Cm =  0.2610     CD = Infinity   =>   CDf =  0.00392    CDp = Infinity

 Side 1  free  transition at x/c =  0.5221   43
 Side 2  free  transition at x/c =  0.0287   16

  66   rms: 0.5304E+07   max: -.4810E+08   C at   84  2   RLX: 0.000
       a =  0.000      CL = -0.8765
      Cm =  0.2610     CD = Infinity   =>   CDf =  0.00392    CDp = Infinity

 Side 1  free  transition at x/c =  0.5221   43
 Side 2  free  transition at x/c =  0.0287   16

  67   rms: 0.8445E+08   max: -.7658E+09   C at   84  2   RLX: 0.000
       a =  0.000      CL = -0.8765
      Cm =  0.2610     CD = Infinity   =>   CDf =  0.00392    CDp = Infinity

 Side 1  free  transition at x/c =  0.5221   43
 Side 2  free  transition at x/c =  0.0287   16

  68   rms: 0.1216E+08   max: 0.1102E+09   C at   84  2   RLX: 0.000
       a =  0.000      CL = -0.8765
      Cm =  0.2610     CD = Infinity   =>   CDf =  0.00392    CDp = Infinity

 Side 1  free  transition at x/c =  0.5221   43
 Side 2  free  transition at x/c =  0.0287   16

  69   rms: 0.3211E+07   max: -.2912E+08   C at   84  2   RLX: 0.000
       a =  0.000      CL = -0.8765
      Cm =  0.2610     CD = Infinity   =>   CDf =  0.00392    CDp = Infinity

 Side 1  free  transition at x/c =  0.5221   43
 Side 2  free  transition at x/c =  0.0287   16

  70   rms: 0.1266E+08   max: -.1148E+09   C at   84  2   RLX: 0.000
       a =  0.000      CL = -0.8765
      Cm =  0.2610     CD = Infinity   =>   CDf =  0.00392    CDp = Infinity

 Side 1  free  transition at x/c =  0.5221   43
 Side 2  free  transition at x/c =  0.0287   16

  71   rms: 0.2132E+08   max: 0.1933E+09   C at   84  2   RLX: 0.000
       a =  0.000      CL = -0.8765
      Cm =  0.2610     CD = Infinity   =>   CDf =  0.00392    CDp = Infinity

 Side 1  free  transition at x/c =  0.5221   43
 Side 2  free  transition at x/c =  0.0287   16

  72   rms: 0.2141E+07   max: -.1941E+08   C at   84  2   RLX: 0.000
       a =  0.000      CL = -0.8765
      Cm =  0.2610     CD = Infinity   =>   CDf =  0.00392    CDp = Infinity

 Side 1  free  transition at x/c =  0.5221   43
 Side 2  free  transition at x/c =  0.0287   16

  73   rms: 0.6045E+07   max: -.5482E+08   C at   84  2   RLX: 0.000
       a =  0.000      CL = -0.8765
      Cm =  0.2610     CD = Infinity   =>   CDf =  0.00392    CDp = Infinity

 Side 1  free  transition at x/c =  0.5221   43
 Side 2  free  transition at x/c =  0.0287   16

  74   rms: 0.1457E+10   max: 0.1322E+11   C at   84  2   RLX: 0.000
       a =  0.000      CL = -0.8765
      Cm =  0.2610     CD = Infinity   =>   CDf =  0.00392    CDp = Infinity

 Side 1  free  transition at x/c =  0.5221   43
 Side 2  free  transition at x/c =  0.0287   16

  75   rms: 0.1510E+07   max: -.1369E+08   C at   84  2   RLX: 0.000
       a =  0.000      CL = -0.8765
      Cm =  0.2610     CD = Infinity   =>   CDf =  0.00392    CDp = Infinity

 Side 1  free  transition at x/c =  0.5221   43
 Side 2  free  transition at x/c =  0.0287   16

  76   rms: 0.3646E+07   max: -.3306E+08   C at   84  2   RLX: 0.000
       a =  0.000      CL = -0.8765
      Cm =  0.2610     CD = Infinity   =>   CDf =  0.00392    CDp = Infinity

 Side 1  free  transition at x/c =  0.5221   43
 Side 2  free  transition at x/c =  0.0287   16

  77   rms: 0.1706E+08   max: -.1547E+09   C at   84  2   RLX: 0.000
       a =  0.000      CL = -0.8765
      Cm =  0.2610     CD = Infinity   =>   CDf =  0.00392    CDp = Infinity

 Side 1  free  transition at x/c =  0.5221   43
 Side 2  free  transition at x/c =  0.0287   16

  78   rms: 0.1732E+08   max: 0.1571E+09   C at   84  2   RLX: 0.000
       a =  0.000      CL = -0.8765
      Cm =  0.2610     CD = Infinity   =>   CDf =  0.00392    CDp = Infinity

 Side 1  free  transition at x/c =  0.5221   43
 Side 2  free  transition at x/c =  0.0287   16

  79   rms: 0.2380E+07   max: -.2158E+08   C at   84  2   RLX: 0.000
       a =  0.000      CL = -0.8765
      Cm =  0.2610     CD = Infinity   =>   CDf =  0.00392    CDp = Infinity

 Side 1  free  transition at x/c =  0.5221   43
 Side 2  free  transition at x/c =  0.0287   16

  80   rms: 0.7191E+07   max: -.6521E+08   C at   84  2   RLX: 0.000
       a =  0.000      CL = -0.8765
      Cm =  0.2610     CD = Infinity   =>   CDf =  0.00392    CDp = Infinity

 Side 1  free  transition at x/c =  0.5221   43
 Side 2  free  transition at x/c =  0.0287   16

  81   rms: 0.6788E+08   max: 0.6156E+09   C at   84  2   RLX: 0.000
       a =  0.000      CL = -0.8765
      Cm =  0.2610     CD = Infinity   =>   CDf =  0.00392    CDp = Infinity

 Side 1  free  transition at x/c =  0.5221   43
 Side 2  free  transition at x/c =  0.0287   16

  82   rms: 0.1657E+07   max: -.1502E+08   C at   84  2   RLX: 0.000
       a =  0.000      CL = -0.8765
      Cm =  0.2610     CD = Infinity   =>   CDf =  0.00392    CDp = Infinity

 Side 1  free  transition at x/c =  0.5221   43
 Side 2  free  transition at x/c =  0.0287   16

  83   rms: 0.4140E+07   max: -.3755E+08   C at   84  2   RLX: 0.000
       a =  0.000      CL = -0.8765
      Cm =  0.2610     CD = Infinity   =>   CDf =  0.00392    CDp = Infinity

 Side 1  free  transition at x/c =  0.5221   43
 Side 2  free  transition at x/c =  0.0287   16

  84   rms: 0.2457E+08   max: -.2228E+09   C at   84  2   RLX: 0.000
       a =  0.000      CL = -0.8765
      Cm =  0.2610     CD = Infinity   =>   CDf =  0.00392    CDp = Infinity

 Side 1  free  transition at x/c =  0.5221   43
 Side 2  free  transition at x/c =  0.0287   16

  85   rms: 0.1489E+08   max: 0.1350E+09   C at   84  2   RLX: 0.000
       a =  0.000      CL = -0.8765
      Cm =  0.2610     CD = Infinity   =>   CDf =  0.00392    CDp = Infinity

 Side 1  free  transition at x/c =  0.5221   43
 Side 2  free  transition at x/c =  0.0287   16

  86   rms: 0.2640E+07   max: -.2394E+08   C at   84  2   RLX: 0.000
       a =  0.000      CL = -0.8765
      Cm =  0.2610     CD = Infinity   =>   CDf =  0.00392    CDp = Infinity

 Side 1  free  transition at x/c =  0.5221   43
 Side 2  free  transition at x/c =  0.0287   16

  87   rms: 0.8610E+07   max: -.7808E+08   C at   84  2   RLX: 0.000
       a =  0.000      CL = -0.8765
      Cm =  0.2610     CD = Infinity   =>   CDf =  0.00392    CDp = Infinity

 Side 1  free  transition at x/c =  0.5221   43
 Side 2  free  transition at x/c =  0.0287   16

  88   rms: 0.3695E+08   max: 0.3351E+09   C at   84  2   RLX: 0.000
       a =  0.000      CL = -0.8765
      Cm =  0.2610     CD = Infinity   =>   CDf =  0.00392    CDp = Infinity

 Side 1  free  transition at x/c =  0.5221   43
 Side 2  free  transition at x/c =  0.0287   16

  89   rms: 0.1812E+07   max: -.1643E+08   C at   84  2   RLX: 0.000
       a =  0.000      CL = -0.8765
      Cm =  0.2610     CD = Infinity   =>   CDf =  0.00392    CDp = Infinity

 Side 1  free  transition at x/c =  0.5221   43
 Side 2  free  transition at x/c =  0.0287   16

  90   rms: 0.4704E+07   max: -.4266E+08   C at   84  2   RLX: 0.000
       a =  0.000      CL = -0.8765
      Cm =  0.2610     CD = Infinity   =>   CDf =  0.00392    CDp = Infinity

 Side 1  free  transition at x/c =  0.5221   43
 Side 2  free  transition at x/c =  0.0287   16

  91   rms: 0.4015E+08   max: -.3641E+09   C at   84  2   RLX: 0.000
       a =  0.000      CL = -0.8765
      Cm =  0.2610     CD = Infinity   =>   CDf =  0.00392    CDp = Infinity

 Side 1  free  transition at x/c =  0.5221   43
 Side 2  free  transition at x/c =  0.0287   16

  92   rms: 0.1325E+08   max: 0.1202E+09   C at   84  2   RLX: 0.000
       a =  0.000      CL = -0.8765
      Cm =  0.2610     CD = Infinity   =>   CDf =  0.00392    CDp = Infinity

 Side 1  free  transition at x/c =  0.5221   43
 Side 2  free  transition at x/c =  0.0287   16

  93   rms: 0.2924E+07   max: -.2652E+08   C at   84  2   RLX: 0.000
       a =  0.000      CL = -0.8765
      Cm =  0.2610     CD = Infinity   =>   CDf =  0.00392    CDp = Infinity

 Side 1  free  transition at x/c =  0.5221   43
 Side 2  free  transition at x/c =  0.0287   16

  94   rms: 0.1043E+08   max: -.9461E+08   C at   84  2   RLX: 0.000
       a =  0.000      CL = -0.8765
      Cm =  0.2610     CD = Infinity   =>   CDf =  0.00392    CDp = Infinity

 Side 1  free  transition at x/c =  0.5221   43
 Side 2  free  transition at x/c =  0.0287   16

  95   rms: 0.2636E+08   max: 0.2391E+09   C at   84  2   RLX: 0.000
       a =  0.000      CL = -0.8765
      Cm =  0.2610     CD = Infinity   =>   CDf =  0.00392    CDp = Infinity

 Side 1  free  transition at x/c =  0.5221   43
 Side 2  free  transition at x/c =  0.0287   16

  96   rms: 0.1978E+07   max: -.1794E+08   C at   84  2   RLX: 0.000
       a =  0.000      CL = -0.8765
      Cm =  0.2610     CD = Infinity   =>   CDf =  0.00392    CDp = Infinity

 Side 1  free  transition at x/c =  0.5221   43
 Side 2  free  transition at x/c =  0.0287   16

  97   rms: 0.5352E+07   max: -.4854E+08   C at   84  2   RLX: 0.000
       a =  0.000      CL = -0.8765
      Cm =  0.2610     CD = Infinity   =>   CDf =  0.00392    CDp = Infinity

 Side 1  free  transition at x/c =  0.5221   43
 Side 2  free  transition at x/c =  0.0287   16

  98   rms: 0.9158E+08   max: -.8304E+09   C at   84  2   RLX: 0.000
       a =  0.000      CL = -0.8765
      Cm =  0.2610     CD = Infinity   =>   CDf =  0.00392    CDp = Infinity

 Side 1  free  transition at x/c =  0.5221   43
 Side 2  free  transition at x/c =  0.0287   16

  99   rms: 0.1209E+08   max: 0.1096E+09   C at   84  2   RLX: 0.000
       a =  0.000      CL = -0.8765
      Cm =  0.2610     CD = Infinity   =>   CDf =  0.00392    CDp = Infinity

 Side 1  free  transition at x/c =  0.5221   43
 Side 2  free  transition at x/c =  0.0287   16

 100   rms: 0.3234E+07   max: -.2932E+08   C at   84  2   RLX: 0.000
       a =  0.000      CL = -0.8765
      Cm =  0.2610     CD = Infinity   =>   CDf =  0.00392    CDp = Infinity

 Side 1  free  transition at x/c =  0.5221   43
 Side 2  free  transition at x/c =  0.0287   16

 101   rms: 0.1285E+08   max: -.1165E+09   C at   84  2   RLX: 0.000
       a =  0.000      CL = -0.8765
      Cm =  0.2610     CD = Infinity   =>   CDf =  0.00392    CDp = Infinity

 Side 1  free  transition at x/c =  0.5221   43
 Side 2  free  transition at x/c =  0.0287   16

 102   rms: 0.2103E+08   max: 0.1907E+09   C at   84  2   RLX: 0.000
       a =  0.000      CL = -0.8765
      Cm =  0.2610     CD = Infinity   =>   CDf =  0.00392    CDp = Infinity

 Side 1  free  transition at x/c =  0.5221   43
 Side 2  free  transition at x/c =  0.0287   16

 103   rms: 0.2153E+07   max: -.1953E+08   C at   84  2   RLX: 0.000
       a =  0.000      CL = -0.8765
      Cm =  0.2610     CD = Infinity   =>   CDf =  0.00392    CDp = Infinity

 Side 1  free  transition at x/c =  0.5221   43
 Side 2  free  transition at x/c =  0.0287   16

 104   rms: 0.6115E+07   max: -.5545E+08   C at   84  2   RLX: 0.000
       a =  0.000      CL = -0.8765
      Cm =  0.2610     CD = Infinity   =>   CDf =  0.00392    CDp = Infinity

 Side 1  free  transition at x/c =  0.5221   43
 Side 2  free  transition at x/c =  0.0287   16

 105   rms: 0.6638E+09   max: 0.6020E+10   C at   84  2   RLX: 0.000
       a =  0.000      CL = -0.8765
      Cm =  0.2610     CD = Infinity   =>   CDf =  0.00392    CDp = Infinity

 Side 1  free  transition at x/c =  0.5221   43
 Side 2  free  transition at x/c =  0.0287   16

 106   rms: 0.1518E+07   max: -.1377E+08   C at   84  2   RLX: 0.000
       a =  0.000      CL = -0.8765
      Cm =  0.2610     CD = Infinity   =>   CDf =  0.00392    CDp = Infinity

 Side 1  free  transition at x/c =  0.5221   43
 Side 2  free  transition at x/c =  0.0287   16

 107   rms: 0.3672E+07   max: -.3330E+08   C at   84  2   RLX: 0.000
       a =  0.000      CL = -0.8765
      Cm =  0.2610     CD = Infinity   =>   CDf =  0.00392    CDp = Infinity

 Side 1  free  transition at x/c =  0.5221   43
 Side 2  free  transition at x/c =  0.0287   16

 108   rms: 0.1737E+08   max: -.1575E+09   C at   84  2   RLX: 0.000
       a =  0.000      CL = -0.8765
      Cm =  0.2610     CD = Infinity   =>   CDf =  0.00392    CDp = Infinity

 Side 1  free  transition at x/c =  0.5221   43
 Side 2  free  transition at x/c =  0.0287   16

 109   rms: 0.1716E+08   max: 0.1556E+09   C at   84  2   RLX: 0.000
       a =  0.000      CL = -0.8765
      Cm =  0.2610     CD = Infinity   =>   CDf =  0.00392    CDp = Infinity

 Side 1  free  transition at x/c =  0.5221   43
 Side 2  free  transition at x/c =  0.0287   16

 110   rms: 0.2393E+07   max: -.2170E+08   C at   84  2   RLX: 0.000
       a =  0.000      CL = -0.8765
      Cm =  0.2610     CD = Infinity   =>   CDf =  0.00392    CDp = Infinity

 Side 1  free  transition at x/c =  0.5221   43
 Side 2  free  transition at x/c =  0.0287   16

 111   rms: 0.7261E+07   max: -.6584E+08   C at   84  2   RLX: 0.000
       a =  0.000      CL = -0.8765
      Cm =  0.2610     CD = Infinity   =>   CDf =  0.00392    CDp = Infinity

 Side 1  free  transition at x/c =  0.5221   43
 Side 2  free  transition at x/c =  0.0287   16

 112   rms: 0.6472E+08   max: 0.5869E+09   C at   84  2   RLX: 0.000
       a =  0.000      CL = -0.8765
      Cm =  0.2610     CD = Infinity   =>   CDf =  0.00392    CDp = Infinity

 Side 1  free  transition at x/c =  0.5221   43
 Side 2  free  transition at x/c =  0.0287   16

 113   rms: 0.1665E+07   max: -.1510E+08   C at   84  2   RLX: 0.000
       a =  0.000      CL = -0.8765
      Cm =  0.2610     CD = Infinity   =>   CDf =  0.00392    CDp = Infinity

 Side 1  free  transition at x/c =  0.5221   43
 Side 2  free  transition at x/c =  0.0287   16

 114   rms: 0.4169E+07   max: -.3781E+08   C at   84  2   RLX: 0.000
       a =  0.000      CL = -0.8765
      Cm =  0.2610     CD = Infinity   =>   CDf =  0.00392    CDp = Infinity

 Side 1  free  transition at x/c =  0.5221   43
 Side 2  free  transition at x/c =  0.0287   16

 115   rms: 0.2514E+08   max: -.2279E+09   C at   84  2   RLX: 0.000
       a =  0.000      CL = -0.8765
      Cm =  0.2610     CD = Infinity   =>   CDf =  0.00392    CDp = Infinity

 Side 1  free  transition at x/c =  0.5221   43
 Side 2  free  transition at x/c =  0.0287   16

 116   rms: 0.1478E+08   max: 0.1340E+09   C at   84  2   RLX: 0.000
       a =  0.000      CL = -0.8765
      Cm =  0.2610     CD = Infinity   =>   CDf =  0.00392    CDp = Infinity

 Side 1  free  transition at x/c =  0.5221   43
 Side 2  free  transition at x/c =  0.0287   16

 117   rms: 0.2655E+07   max: -.2408E+08   C at   84  2   RLX: 0.000
       a =  0.000      CL = -0.8765
      Cm =  0.2610     CD = Infinity   =>   CDf =  0.00392    CDp = Infinity

 Side 1  free  transition at x/c =  0.5221   43
 Side 2  free  transition at x/c =  0.0287   16

 118   rms: 0.8698E+07   max: -.7888E+08   C at   84  2   RLX: 0.000
       a =  0.000      CL = -0.8765
      Cm =  0.2610     CD = Infinity   =>   CDf =  0.00392    CDp = Infinity

 Side 1  free  transition at x/c =  0.5221   43
 Side 2  free  transition at x/c =  0.0287   16

 119   rms: 0.3611E+08   max: 0.3274E+09   C at   84  2   RLX: 0.000
       a =  0.000      CL = -0.8765
      Cm =  0.2610     CD = Infinity   =>   CDf =  0.00392    CDp = Infinity

 Side 1  free  transition at x/c =  0.5221   43
 Side 2  free  transition at x/c =  0.0287   16

 120   rms: 0.1821E+07   max: -.1651E+08   C at   84  2   RLX: 0.000
       a =  0.000      CL = -0.8765
      Cm =  0.2610     CD = Infinity   =>   CDf =  0.00392    CDp = Infinity

 Side 1  free  transition at x/c =  0.5221   43
 Side 2  free  transition at x/c =  0.0287   16

 121   rms: 0.4738E+07   max: -.4296E+08   C at   84  2   RLX: 0.000
       a =  0.000      CL = -0.8765
      Cm =  0.2610     CD = Infinity   =>   CDf =  0.00392    CDp = Infinity

 Side 1  free  transition at x/c =  0.5221   43
 Side 2  free  transition at x/c =  0.0287   16

 122   rms: 0.4151E+08   max: -.3764E+09   C at   84  2   RLX: 0.000
       a =  0.000      CL = -0.8765
      Cm =  0.2610     CD = Infinity   =>   CDf =  0.00392    CDp = Infinity

 Side 1  free  transition at x/c =  0.5221   43
 Side 2  free  transition at x/c =  0.0287   16

 123   rms: 0.1318E+08   max: 0.1195E+09   C at   84  2   RLX: 0.000
       a =  0.000      CL = -0.8765
      Cm =  0.2610     CD = Infinity   =>   CDf =  0.00392    CDp = Infinity

 Side 1  free  transition at x/c =  0.5221   43
 Side 2  free  transition at x/c =  0.0287   16

 124   rms: 0.2940E+07   max: -.2666E+08   C at   84  2   RLX: 0.000
       a =  0.000      CL = -0.8765
      Cm =  0.2610     CD = Infinity   =>   CDf =  0.00392    CDp = Infinity

 Side 1  free  transition at x/c =  0.5221   43
 Side 2  free  transition at x/c =  0.0287   16

 125   rms: 0.1055E+08   max: -.9566E+08   C at   84  2   RLX: 0.000
       a =  0.000      CL = -0.8765
      Cm =  0.2610     CD = Infinity   =>   CDf =  0.00392    CDp = Infinity

 Side 1  free  transition at x/c =  0.5221   43
 Side 2  free  transition at x/c =  0.0287   16

 126   rms: 0.2598E+08   max: 0.2356E+09   C at   84  2   RLX: 0.000
       a =  0.000      CL = -0.8765
      Cm =  0.2610     CD = Infinity   =>   CDf =  0.00392    CDp = Infinity

 Side 1  free  transition at x/c =  0.5221   43
 Side 2  free  transition at x/c =  0.0287   16

 127   rms: 0.1987E+07   max: -.1802E+08   C at   84  2   RLX: 0.000
       a =  0.000      CL = -0.8765
      Cm =  0.2610     CD = Infinity   =>   CDf =  0.00392    CDp = Infinity

 Side 1  free  transition at x/c =  0.5221   43
 Side 2  free  transition at x/c =  0.0287   16

 128   rms: 0.5402E+07   max: -.4898E+08   C at   84  2   RLX: 0.000
       a =  0.000      CL = -0.8765
      Cm =  0.2610     CD = Infinity   =>   CDf =  0.00392    CDp = Infinity

 Side 1  free  transition at x/c =  0.5221   43
 Side 2  free  transition at x/c =  0.0287   16

 129   rms: 0.9805E+08   max: -.8892E+09   C at   84  2   RLX: 0.000
       a =  0.000      CL = -0.8765
      Cm =  0.2610     CD = Infinity   =>   CDf =  0.00392    CDp = Infinity

 Side 1  free  transition at x/c =  0.5221   43
 Side 2  free  transition at x/c =  0.0287   16

 130   rms: 0.1203E+08   max: 0.1091E+09   C at   84  2   RLX: 0.000
       a =  0.000      CL = -0.8765
      Cm =  0.2610     CD = Infinity   =>   CDf =  0.00392    CDp = Infinity

 Side 1  free  transition at x/c =  0.5221   43
 Side 2  free  transition at x/c =  0.0287   16

 131   rms: 0.3252E+07   max: -.2949E+08   C at   84  2   RLX: 0.000
       a =  0.000      CL = -0.8765
      Cm =  0.2610     CD = Infinity   =>   CDf =  0.00392    CDp = Infinity

 Side 1  free  transition at x/c =  0.5221   43
 Side 2  free  transition at x/c =  0.0287   16

 132   rms: 0.1301E+08   max: -.1180E+09   C at   84  2   RLX: 0.000
       a =  0.000      CL = -0.8765
      Cm =  0.2610     CD = Infinity   =>   CDf =  0.00392    CDp = Infinity

 Side 1  free  transition at x/c =  0.5221   43
 Side 2  free  transition at x/c =  0.0287   16

 133   rms: 0.2081E+08   max: 0.1888E+09   C at   84  2   RLX: 0.000
       a =  0.000      CL = -0.8765
      Cm =  0.2610     CD = Infinity   =>   CDf =  0.00392    CDp = Infinity

 Side 1  free  transition at x/c =  0.5221   43
 Side 2  free  transition at x/c =  0.0287   16

 134   rms: 0.2163E+07   max: -.1962E+08   C at   84  2   RLX: 0.000
       a =  0.000      CL = -0.8765
      Cm =  0.2610     CD = Infinity   =>   CDf =  0.00392    CDp = Infinity

 Side 1  free  transition at x/c =  0.5221   43
 Side 2  free  transition at x/c =  0.0287   16

 135   rms: 0.6159E+07   max: -.5585E+08   C at   84  2   RLX: 0.000
       a =  0.000      CL = -0.8765
      Cm =  0.2610     CD = Infinity   =>   CDf =  0.00392    CDp = Infinity

 Side 1  free  transition at x/c =  0.5221   43
 Side 2  free  transition at x/c =  0.0287   16

 136   rms: 0.4653E+09   max: 0.4220E+10   C at   84  2   RLX: 0.000
       a =  0.000      CL = -0.8765
      Cm =  0.2610     CD = Infinity   =>   CDf =  0.00392    CDp = Infinity

 Side 1  free  transition at x/c =  0.5221   43
 Side 2  free  transition at x/c =  0.0287   16

 137   rms: 0.1524E+07   max: -.1382E+08   C at   84  2   RLX: 0.000
       a =  0.000      CL = -0.8765
      Cm =  0.2610     CD = Infinity   =>   CDf =  0.00392    CDp = Infinity

 Side 1  free  transition at x/c =  0.5221   43
 Side 2  free  transition at x/c =  0.0287   16

 138   rms: 0.3692E+07   max: -.3348E+08   C at   84  2   RLX: 0.000
       a =  0.000      CL = -0.8765
      Cm =  0.2610     CD = Infinity   =>   CDf =  0.00392    CDp = Infinity

 Side 1  free  transition at x/c =  0.5221   43
 Side 2  free  transition at x/c =  0.0287   16

 139   rms: 0.1762E+08   max: -.1598E+09   C at   84  2   RLX: 0.000
       a =  0.000      CL = -0.8765
      Cm =  0.2610     CD = Infinity   =>   CDf =  0.00392    CDp = Infinity

 Side 1  free  transition at x/c =  0.5221   43
 Side 2  free  transition at x/c =  0.0287   16

 140   rms: 0.1703E+08   max: 0.1544E+09   C at   84  2   RLX: 0.000
       a =  0.000      CL = -0.8765
      Cm =  0.2610     CD = Infinity   =>   CDf =  0.00392    CDp = Infinity

 Side 1  free  transition at x/c =  0.5221   43
 Side 2  free  transition at x/c =  0.0287   16

 141   rms: 0.2404E+07   max: -.2180E+08   C at   84  2   RLX: 0.000
       a =  0.000      CL = -0.8765
      Cm =  0.2610     CD = Infinity   =>   CDf =  0.00392    CDp = Infinity

 Side 1  free  transition at x/c =  0.5221   43
 Side 2  free  transition at x/c =  0.0287   16

 142   rms: 0.7316E+07   max: -.6634E+08   C at   84  2   RLX: 0.000
       a =  0.000      CL = -0.8765
      Cm =  0.2610     CD = Infinity   =>   CDf =  0.00392    CDp = Infinity

 Side 1  free  transition at x/c =  0.5221   43
 Side 2  free  transition at x/c =  0.0287   16

 143   rms: 0.6244E+08   max: 0.5663E+09   C at   84  2   RLX: 0.000
       a =  0.000      CL = -0.8765
      Cm =  0.2610     CD = Infinity   =>   CDf =  0.00392    CDp = Infinity

 Side 1  free  transition at x/c =  0.5221   43
 Side 2  free  transition at x/c =  0.0287   16

 144   rms: 0.1671E+07   max: -.1516E+08   C at   84  2   RLX: 0.000
       a =  0.000      CL = -0.8765
      Cm =  0.2610     CD = Infinity   =>   CDf =  0.00392    CDp = Infinity

 Side 1  free  transition at x/c =  0.5221   43
 Side 2  free  transition at x/c =  0.0287   16

 145   rms: 0.4192E+07   max: -.3802E+08   C at   84  2   RLX: 0.000
       a =  0.000      CL = -0.8765
      Cm =  0.2610     CD = Infinity   =>   CDf =  0.00392    CDp = Infinity

 Side 1  free  transition at x/c =  0.5221   43
 Side 2  free  transition at x/c =  0.0287   16

 146   rms: 0.2560E+08   max: -.2322E+09   C at   84  2   RLX: 0.000
       a =  0.000      CL = -0.8765
      Cm =  0.2610     CD = Infinity   =>   CDf =  0.00392    CDp = Infinity

 Side 1  free  transition at x/c =  0.5221   43
 Side 2  free  transition at x/c =  0.0287   16

 147   rms: 0.1470E+08   max: 0.1333E+09   C at   84  2   RLX: 0.000
       a =  0.000      CL = -0.8765
      Cm =  0.2610     CD = Infinity   =>   CDf =  0.00392    CDp = Infinity

 Side 1  free  transition at x/c =  0.5221   43
 Side 2  free  transition at x/c =  0.0287   16

 148   rms: 0.2667E+07   max: -.2418E+08   C at   84  2   RLX: 0.000
       a =  0.000      CL = -0.8765
      Cm =  0.2610     CD = Infinity   =>   CDf =  0.00392    CDp = Infinity

 Side 1  free  transition at x/c =  0.5221   43
 Side 2  free  transition at x/c =  0.0287   16

 149   rms: 0.8769E+07   max: -.7952E+08   C at   84  2   RLX: 0.000
       a =  0.000      CL = -0.8765
      Cm =  0.2610     CD = Infinity   =>   CDf =  0.00392    CDp = Infinity

 Side 1  free  transition at x/c =  0.5221   43
 Side 2  free  transition at x/c =  0.0287   16

 150   rms: 0.3547E+08   max: 0.3217E+09   C at   84  2   RLX: 0.000
       a =  0.000      CL = -0.8765
      Cm =  0.2610     CD = Infinity   =>   CDf =  0.00392    CDp = Infinity

 Side 1  free  transition at x/c =  0.5221   43
 Side 2  free  transition at x/c =  0.0287   16

 151   rms: 0.1828E+07   max: -.1658E+08   C at   84  2   RLX: 0.000
       a =  0.000      CL = -0.8765
      Cm =  0.2610     CD = Infinity   =>   CDf =  0.00392    CDp = Infinity

 Side 1  free  transition at x/c =  0.5221   43
 Side 2  free  transition at x/c =  0.0287   16

 152   rms: 0.4773E+07   max: -.4328E+08   C at   84  2   RLX: 0.000
       a =  0.000      CL = -0.8765
      Cm =  0.2610     CD = Infinity   =>   CDf =  0.00392    CDp = Infinity

 Side 1  free  transition at x/c =  0.5221   43
 Side 2  free  transition at x/c =  0.0287   16

 153   rms: 0.4264E+08   max: -.3866E+09   C at   84  2   RLX: 0.000
       a =  0.000      CL = -0.8765
      Cm =  0.2610     CD = Infinity   =>   CDf =  0.00392    CDp = Infinity

 Side 1  free  transition at x/c =  0.5221   43
 Side 2  free  transition at x/c =  0.0287   16

 154   rms: 0.1312E+08   max: 0.1190E+09   C at   84  2   RLX: 0.000
       a =  0.000      CL = -0.8765
      Cm =  0.2610     CD = Infinity   =>   CDf =  0.00392    CDp = Infinity

 Side 1  free  transition at x/c =  0.5221   43
 Side 2  free  transition at x/c =  0.0287   16

 155   rms: 0.2953E+07   max: -.2678E+08   C at   84  2   RLX: 0.000
       a =  0.000      CL = -0.8765
      Cm =  0.2610     CD = Infinity   =>   CDf =  0.00392    CDp = Infinity

 Side 1  free  transition at x/c =  0.5221   43
 Side 2  free  transition at x/c =  0.0287   16

 156   rms: 0.1064E+08   max: -.9649E+08   C at   84  2   RLX: 0.000
       a =  0.000      CL = -0.8765
      Cm =  0.2610     CD = Infinity   =>   CDf =  0.00392    CDp = Infinity

 Side 1  free  transition at x/c =  0.5221   43
 Side 2  free  transition at x/c =  0.0287   16

 157   rms: 0.2569E+08   max: 0.2329E+09   C at   84  2   RLX: 0.000
       a =  0.000      CL = -0.8765
      Cm =  0.2610     CD = Infinity   =>   CDf =  0.00392    CDp = Infinity

 Side 1  free  transition at x/c =  0.5221   43
 Side 2  free  transition at x/c =  0.0287   16

 158   rms: 0.1995E+07   max: -.1809E+08   C at   84  2   RLX: 0.000
       a =  0.000      CL = -0.8765
      Cm =  0.2610     CD = Infinity   =>   CDf =  0.00392    CDp = Infinity

 Side 1  free  transition at x/c =  0.5221   43
 Side 2  free  transition at x/c =  0.0287   16

 159   rms: 0.5432E+07   max: -.4926E+08   C at   84  2   RLX: 0.000
       a =  0.000      CL = -0.8765
      Cm =  0.2610     CD = Infinity   =>   CDf =  0.00392    CDp = Infinity

 Side 1  free  transition at x/c =  0.5221   43
 Side 2  free  transition at x/c =  0.0287   16

 160   rms: 0.1038E+09   max: -.9414E+09   C at   84  2   RLX: 0.000
       a =  0.000      CL = -0.8765
      Cm =  0.2610     CD = Infinity   =>   CDf =  0.00392    CDp = Infinity

 Side 1  free  transition at x/c =  0.5221   43
 Side 2  free  transition at x/c =  0.0287   16

 161   rms: 0.1199E+08   max: 0.1087E+09   C at   84  2   RLX: 0.000
       a =  0.000      CL = -0.8765
      Cm =  0.2610     CD = Infinity   =>   CDf =  0.00392    CDp = Infinity

 Side 1  free  transition at x/c =  0.5221   43
 Side 2  free  transition at x/c =  0.0287   16

 162   rms: 0.3266E+07   max: -.2961E+08   C at   84  2   RLX: 0.000
       a =  0.000      CL = -0.8765
      Cm =  0.2610     CD = Infinity   =>   CDf =  0.00392    CDp = Infinity

 Side 1  free  transition at x/c =  0.5221   43
 Side 2  free  transition at x/c =  0.0287   16

 163   rms: 0.1313E+08   max: -.1191E+09   C at   84  2   RLX: 0.000
       a =  0.000      CL = -0.8765
      Cm =  0.2610     CD = Infinity   =>   CDf =  0.00392    CDp = Infinity

 Side 1  free  transition at x/c =  0.5221   43
 Side 2  free  transition at x/c =  0.0287   16

 164   rms: 0.2065E+08   max: 0.1872E+09   C at   84  2   RLX: 0.000
       a =  0.000      CL = -0.8765
      Cm =  0.2610     CD = Infinity   =>   CDf =  0.00392    CDp = Infinity

 Side 1  free  transition at x/c =  0.5221   43
 Side 2  free  transition at x/c =  0.0287   16

 165   rms: 0.2171E+07   max: -.1969E+08   C at   84  2   RLX: 0.000
       a =  0.000      CL = -0.8765
      Cm =  0.2610     CD = Infinity   =>   CDf =  0.00392    CDp = Infinity

 Side 1  free  transition at x/c =  0.5221   43
 Side 2  free  transition at x/c =  0.0287   16

 166   rms: 0.6195E+07   max: -.5618E+08   C at   84  2   RLX: 0.000
       a =  0.000      CL = -0.8765
      Cm =  0.2610     CD = Infinity   =>   CDf =  0.00392    CDp = Infinity

 Side 1  free  transition at x/c =  0.5221   43
 Side 2  free  transition at x/c =  0.0287   16

 167   rms: 0.3769E+09   max: 0.3418E+10   C at   84  2   RLX: 0.000
       a =  0.000      CL = -0.8765
      Cm =  0.2610     CD = Infinity   =>   CDf =  0.00392    CDp = Infinity

 Side 1  free  transition at x/c =  0.5221   43
 Side 2  free  transition at x/c =  0.0287   16

 168   rms: 0.1529E+07   max: -.1387E+08   C at   84  2   RLX: 0.000
       a =  0.000      CL = -0.8765
      Cm =  0.2610     CD = Infinity   =>   CDf =  0.00392    CDp = Infinity

 Side 1  free  transition at x/c =  0.5221   43
 Side 2  free  transition at x/c =  0.0287   16

 169   rms: 0.3708E+07   max: -.3362E+08   C at   84  2   RLX: 0.000
       a =  0.000      CL = -0.8765
      Cm =  0.2610     CD = Infinity   =>   CDf =  0.00392    CDp = Infinity

 Side 1  free  transition at x/c =  0.5221   43
 Side 2  free  transition at x/c =  0.0287   16

 170   rms: 0.1782E+08   max: -.1616E+09   C at   84  2   RLX: 0.000
       a =  0.000      CL = -0.8765
      Cm =  0.2610     CD = Infinity   =>   CDf =  0.00392    CDp = Infinity

 Side 1  free  transition at x/c =  0.5221   43
 Side 2  free  transition at x/c =  0.0287   16

 171   rms: 0.1693E+08   max: 0.1536E+09   C at   84  2   RLX: 0.000
       a =  0.000      CL = -0.8765
      Cm =  0.2610     CD = Infinity   =>   CDf =  0.00392    CDp = Infinity

 Side 1  free  transition at x/c =  0.5221   43
 Side 2  free  transition at x/c =  0.0287   16

 172   rms: 0.2413E+07   max: -.2188E+08   C at   84  2   RLX: 0.000
       a =  0.000      CL = -0.8765
      Cm =  0.2610     CD = Infinity   =>   CDf =  0.00392    CDp = Infinity

 Side 1  free  transition at x/c =  0.5221   43
 Side 2  free  transition at x/c =  0.0287   16

 173   rms: 0.7360E+07   max: -.6674E+08   C at   84  2   RLX: 0.000
       a =  0.000      CL = -0.8765
      Cm =  0.2610     CD = Infinity   =>   CDf =  0.00392    CDp = Infinity

 Side 1  free  transition at x/c =  0.5221   43
 Side 2  free  transition at x/c =  0.0287   16

 174   rms: 0.6077E+08   max: 0.5510E+09   C at   84  2   RLX: 0.000
       a =  0.000      CL = -0.8765
      Cm =  0.2610     CD = Infinity   =>   CDf =  0.00392    CDp = Infinity

 Side 1  free  transition at x/c =  0.5221   43
 Side 2  free  transition at x/c =  0.0287   16

 175   rms: 0.1677E+07   max: -.1520E+08   C at   84  2   RLX: 0.000
       a =  0.000      CL = -0.8765
      Cm =  0.2610     CD = Infinity   =>   CDf =  0.00392    CDp = Infinity

 Side 1  free  transition at x/c =  0.5221   43
 Side 2  free  transition at x/c =  0.0287   16

 176   rms: 0.4218E+07   max: -.3825E+08   C at   84  2   RLX: 0.000
       a =  0.000      CL = -0.8765
      Cm =  0.2610     CD = Infinity   =>   CDf =  0.00392    CDp = Infinity

 Side 1  free  transition at x/c =  0.5221   43
 Side 2  free  transition at x/c =  0.0287   16

 177   rms: 0.2598E+08   max: -.2356E+09   C at   84  2   RLX: 0.000
       a =  0.000      CL = -0.8765
      Cm =  0.2610     CD = Infinity   =>   CDf =  0.00392    CDp = Infinity

 Side 1  free  transition at x/c =  0.5221   43
 Side 2  free  transition at x/c =  0.0287   16

 178   rms: 0.1463E+08   max: 0.1327E+09   C at   84  2   RLX: 0.000
       a =  0.000      CL = -0.8765
      Cm =  0.2610     CD = Infinity   =>   CDf =  0.00392    CDp = Infinity

 Side 1  free  transition at x/c =  0.5221   43
 Side 2  free  transition at x/c =  0.0287   16

 179   rms: 0.2676E+07   max: -.2427E+08   C at   84  2   RLX: 0.000
       a =  0.000      CL = -0.8765
      Cm =  0.2610     CD = Infinity   =>   CDf =  0.00392    CDp = Infinity

 Side 1  free  transition at x/c =  0.5221   43
 Side 2  free  transition at x/c =  0.0287   16

 180   rms: 0.8825E+07   max: -.8003E+08   C at   84  2   RLX: 0.000
       a =  0.000      CL = -0.8765
      Cm =  0.2610     CD = Infinity   =>   CDf =  0.00392    CDp = Infinity

 Side 1  free  transition at x/c =  0.5221   43
 Side 2  free  transition at x/c =  0.0287   16

 181   rms: 0.3499E+08   max: 0.3173E+09   C at   84  2   RLX: 0.000
       a =  0.000      CL = -0.8765
      Cm =  0.2610     CD = Infinity   =>   CDf =  0.00392    CDp = Infinity

 Side 1  free  transition at x/c =  0.5221   43
 Side 2  free  transition at x/c =  0.0287   16

 182   rms: 0.1834E+07   max: -.1663E+08   C at   84  2   RLX: 0.000
       a =  0.000      CL = -0.8765
      Cm =  0.2610     CD = Infinity   =>   CDf =  0.00392    CDp = Infinity

 Side 1  free  transition at x/c =  0.5221   43
 Side 2  free  transition at x/c =  0.0287   16

 183   rms: 0.4794E+07   max: -.4348E+08   C at   84  2   RLX: 0.000
       a =  0.000      CL = -0.8765
      Cm =  0.2610     CD = Infinity   =>   CDf =  0.00392    CDp = Infinity

 Side 1  free  transition at x/c =  0.5221   43
 Side 2  free  transition at x/c =  0.0287   16

 184   rms: 0.4357E+08   max: -.3951E+09   C at   84  2   RLX: 0.000
       a =  0.000      CL = -0.8765
      Cm =  0.2610     CD = Infinity   =>   CDf =  0.00392    CDp = Infinity

 Side 1  free  transition at x/c =  0.5221   43
 Side 2  free  transition at x/c =  0.0287   16

 185   rms: 0.1308E+08   max: 0.1186E+09   C at   84  2   RLX: 0.000
       a =  0.000      CL = -0.8765
      Cm =  0.2610     CD = Infinity   =>   CDf =  0.00392    CDp = Infinity

 Side 1  free  transition at x/c =  0.5221   43
 Side 2  free  transition at x/c =  0.0287   16

 186   rms: 0.2963E+07   max: -.2687E+08   C at   84  2   RLX: 0.000
       a =  0.000      CL = -0.8765
      Cm =  0.2610     CD = Infinity   =>   CDf =  0.00392    CDp = Infinity

 Side 1  free  transition at x/c =  0.5221   43
 Side 2  free  transition at x/c =  0.0287   16

 187   rms: 0.1071E+08   max: -.9716E+08   C at   84  2   RLX: 0.000
       a =  0.000      CL = -0.8765
      Cm =  0.2610     CD = Infinity   =>   CDf =  0.00392    CDp = Infinity

 Side 1  free  transition at x/c =  0.5221   43
 Side 2  free  transition at x/c =  0.0287   16

 188   rms: 0.2546E+08   max: 0.2309E+09   C at   84  2   RLX: 0.000
       a =  0.000      CL = -0.8765
      Cm =  0.2610     CD = Infinity   =>   CDf =  0.00392    CDp = Infinity

 Side 1  free  transition at x/c =  0.5221   43
 Side 2  free  transition at x/c =  0.0287   16

 189   rms: 0.2000E+07   max: -.1814E+08   C at   84  2   RLX: 0.000
       a =  0.000      CL = -0.8765
      Cm =  0.2610     CD = Infinity   =>   CDf =  0.00392    CDp = Infinity

 Side 1  free  transition at x/c =  0.5221   43
 Side 2  free  transition at x/c =  0.0287   16

 190   rms: 0.5456E+07   max: -.4948E+08   C at   84  2   RLX: 0.000
       a =  0.000      CL = -0.8765
      Cm =  0.2610     CD = Infinity   =>   CDf =  0.00392    CDp = Infinity

 Side 1  free  transition at x/c =  0.5221   43
 Side 2  free  transition at x/c =  0.0287   16

 191   rms: 0.1088E+09   max: -.9870E+09   C at   84  2   RLX: 0.000
       a =  0.000      CL = -0.8765
      Cm =  0.2610     CD = Infinity   =>   CDf =  0.00392    CDp = Infinity

 Side 1  free  transition at x/c =  0.5221   43
 Side 2  free  transition at x/c =  0.0287   16

 192   rms: 0.1196E+08   max: 0.1084E+09   C at   84  2   RLX: 0.000
       a =  0.000      CL = -0.8765
      Cm =  0.2610     CD = Infinity   =>   CDf =  0.00392    CDp = Infinity

 Side 1  free  transition at x/c =  0.5221   43
 Side 2  free  transition at x/c =  0.0287   16

 193   rms: 0.3277E+07   max: -.2972E+08   C at   84  2   RLX: 0.000
       a =  0.000      CL = -0.8765
      Cm =  0.2610     CD = Infinity   =>   CDf =  0.00392    CDp = Infinity

 Side 1  free  transition at x/c =  0.5221   43
 Side 2  free  transition at x/c =  0.0287   16

 194   rms: 0.1323E+08   max: -.1200E+09   C at   84  2   RLX: 0.000
       a =  0.000      CL = -0.8765
      Cm =  0.2610     CD = Infinity   =>   CDf =  0.00392    CDp = Infinity

 Side 1  free  transition at x/c =  0.5221   43
 Side 2  free  transition at x/c =  0.0287   16

 195   rms: 0.2052E+08   max: 0.1861E+09   C at   84  2   RLX: 0.000
       a =  0.000      CL = -0.8765
      Cm =  0.2610     CD = Infinity   =>   CDf =  0.00392    CDp = Infinity

 Side 1  free  transition at x/c =  0.5221   43
 Side 2  free  transition at x/c =  0.0287   16

 196   rms: 0.2178E+07   max: -.1975E+08   C at   84  2   RLX: 0.000
       a =  0.000      CL = -0.8765
      Cm =  0.2610     CD = Infinity   =>   CDf =  0.00392    CDp = Infinity

 Side 1  free  transition at x/c =  0.5221   43
 Side 2  free  transition at x/c =  0.0287   16

 197   rms: 0.6223E+07   max: -.5643E+08   C at   84  2   RLX: 0.000
       a =  0.000      CL = -0.8765
      Cm =  0.2610     CD = Infinity   =>   CDf =  0.00392    CDp = Infinity

 Side 1  free  transition at x/c =  0.5221   43
 Side 2  free  transition at x/c =  0.0287   16

 198   rms: 0.3279E+09   max: 0.2973E+10   C at   84  2   RLX: 0.000
       a =  0.000      CL = -0.8765
