
Program received signal SIGFPE: Floating-point exception - erroneous arithmetic operation.

Backtrace for this error:
#0  0x79454a823e59 in ???
#1  0x79454a822e75 in ???
#2  0x79454a44532f in ???
	at ./signal/../sysdeps/unix/sysv/linux/x86_64/libc_sigaction.c:0
#3  0x79454a789b20 in __math_invalid
	at ../sysdeps/ieee754/dbl-64/math_err.c:82
#4  0x599d4c39975a in ???
#5  0x599d4c39afba in ???
#6  0x599d4c3a1f28 in ???
#7  0x599d4c394286 in ???
#8  0x599d4c396c9c in ???
#9  0x599d4c35f67a in ???
#10  0x599d4c363a77 in ???
#11  0x599d4c34f406 in ???
#12  0x599d4c345758 in ???
#13  0x79454a42a1c9 in __libc_start_call_main
	at ../sysdeps/nptl/libc_start_call_main.h:58
#14  0x79454a42a28a in __libc_start_main_impl
	at ../csu/libc-start.c:360
#15  0x599d4c345784 in ???
#16  0xffffffffffffffff in ???
timeout: the monitored command dumped core
