
Program received signal SIGFPE: Floating-point exception - erroneous arithmetic operation.

Backtrace for this error:
#0  0x7319c8623e59 in ???
#1  0x7319c8622e75 in ???
#2  0x7319c824532f in ???
	at ./signal/../sysdeps/unix/sysv/linux/x86_64/libc_sigaction.c:0
#3  0x7319c8a2ab20 in __math_invalid
	at ../sysdeps/ieee754/dbl-64/math_err.c:82
#4  0x57d560ff875a in ???
#5  0x57d560ff9fba in ???
#6  0x57d561000f28 in ???
#7  0x57d560ff3286 in ???
#8  0x57d560ff5c9c in ???
#9  0x57d560fbe67a in ???
#10  0x57d560fc2a77 in ???
#11  0x57d560fae406 in ???
#12  0x57d560fa4758 in ???
#13  0x7319c822a1c9 in __libc_start_call_main
	at ../sysdeps/nptl/libc_start_call_main.h:58
#14  0x7319c822a28a in __libc_start_main_impl
	at ../csu/libc-start.c:360
#15  0x57d560fa4784 in ???
#16  0xffffffffffffffff in ???
timeout: the monitored command dumped core
