
Program received signal SIGFPE: Floating-point exception - erroneous arithmetic operation.

Backtrace for this error:
#0  0x783f95423e59 in ???
#1  0x783f95422e75 in ???
#2  0x783f9504532f in ???
	at ./signal/../sysdeps/unix/sysv/linux/x86_64/libc_sigaction.c:0
#3  0x783f9578c5d5 in __GI___feraiseexcept
	at ../sysdeps/x86_64/fpu/fraiseexcpt.c:36
#4  0x783f9578f259 in __log10
	at ./math/w_log10_compat.c:39
#5  0x55f9d83f5997 in ???
#6  0x55f9d83f5e2b in ???
#7  0x55f9d83f9f99 in ???
#8  0x55f9d83edaa6 in ???
#9  0x55f9d83efc9c in ???
#10  0x55f9d83b867a in ???
#11  0x55f9d83bca77 in ???
#12  0x55f9d83a8406 in ???
#13  0x55f9d839e758 in ???
#14  0x783f9502a1c9 in __libc_start_call_main
	at ../sysdeps/nptl/libc_start_call_main.h:58
#15  0x783f9502a28a in __libc_start_main_impl
	at ../csu/libc-start.c:360
#16  0x55f9d839e784 in ???
#17  0xffffffffffffffff in ???
timeout: the monitored command dumped core
