
 ===================================================
  XFOIL Version 6.99
  Copyright (C) 2000   Mark Drela, Harold Youngren

  This software comes with ABSOLUTELY NO WARRANTY,
    subject to the GNU General Public License.

  Caveat computor
 ===================================================

 File  xfoil.def  not found

   QUIT    Exit program

  .OPER    Direct operating point(s)
  .MDES    Complex mapping design routine
  .QDES    Surface speed design routine
  .GDES    Geometry design routine

   SAVE f  Write airfoil to labeled coordinate file
   PSAV f  Write airfoil to plain coordinate file
   ISAV f  Write airfoil to ISES coordinate file
   MSAV f  Write airfoil to MSES coordinate file
   REVE    Reverse written-airfoil node ordering
   DELI i  Change written-airfoil file delimiters

   LOAD f  Read buffer airfoil from coordinate file
   NACA i  Set NACA 4,5-digit airfoil and buffer airfoil
   INTE    Set buffer airfoil by interpolating two airfoils
   NORM    Buffer airfoil normalization toggle
   HALF    Halve the number of points in buffer airfoil
   XYCM rr Change CM reference location, currently  0.25000 0.00000

   BEND    Display structural properties of current airfoil

   PCOP    Set current-airfoil panel nodes directly from buffer airfoil points
   PANE    Set current-airfoil panel nodes ( 160 ) based on curvature
  .PPAR    Show/change paneling

  .PLOP    Plotting options

   WDEF f  Write  current-settings file
   RDEF f  Reread current-settings file
   NAME s  Specify new airfoil name
   NINC    Increment name version number

   Z       Zoom    | (available in all menus)
   U       Unzoom  | 

 XFOIL   c>  
 XFOIL   c>  
 Labeled airfoil file.  Name:  NACA-1 COWL                                     

 Number of input coordinate points:  84
 Counterclockwise ordering
 LEFIND:  LE point not found.  Continuing...
 LEFIND:  LE point not found.  Continuing...
 Max thickness =     5.994558  at x =   4.409
 Max camber    =     2.968335  at x =   4.409

  LE  x,y  =   0.96000   0.99930  |   Chord =   0.67890
  TE  x,y  =   0.50000   0.50000  |
 LEFIND:  LE point not found.  Continuing...

 Current airfoil nodes set from buffer airfoil nodes (  84 )

 XFOIL   c>   LEFIND:  LE point not found.  Continuing...
 LEFIND:  LE point not found.  Continuing...

 Blunt trailing edge.  Gap =  1.41421

 Paneling parameters used...
   Number of panel nodes       160
   Panel bunching parameter    1.000
   TE/LE panel density ratio   0.150
   Refined-area/LE panel density ratio    0.200
   Top    side refined area x/c limits  1.000 1.000
   Bottom side refined area x/c limits  1.000 1.000

 XFOIL   c>  
.OPERi   c>  
 M  =    0.0000
 Re =  0.1000E+07

.OPERv   c>  
.OPERv   c>  
 Xtr/c     =  1.0000    top    side
 Xtr/c     =  1.0000    bottom side
 NcritT    =    9.00   ( 0.070 % turb. level )
 NcritB    =    9.00   ( 0.070 % turb. level )
 Vacc      =  0.0100
 WakeL/c   =   1.000

 Klag  =  5.6000     Uxwt  =    1.00       Kdl =  0.9000
 A     =  6.7000     B     =  0.7500       KCt = 0.01485
 CtiniK=  1.8000     CtiniX=  3.3000

..VPAR   c>  
..VPAR   c>  
.OPERv   c>  
.OPERv   c>  
 Polar  1 newly created for accumulation
 Airfoil archived with polar: NACA-1 COWL                                     

Enter  polar save filename  OR  <return> for no file   s>  
 New polar save file available

Enter  polar dump filename  OR  <return> for no file   s>  
 Polar dump file will NOT be written

 Polar accumulation enabled

.OPERva   c>   Calculating unit vorticity distributions ...
 Calculating wake trajectory ...
 Calculating source influence matrix ...

 Solving BL system ...

 Initializing BL ...
    side            1  ...
 MRCHUE: Inverse mode at 127     Hk =   3.800
 MRCHUE: Inverse mode at 128     Hk =   4.405
 MRCHUE: Inverse mode at 129     Hk =   4.995
 MRCHUE: Inverse mode at 130     Hk =   5.561
 MRCHUE: Inverse mode at 131     Hk =   6.129
 MRCHUE: Inverse mode at 132     Hk =   6.733
 MRCHUE: Inverse mode at 133     Hk =   7.355
 MRCHUE: Inverse mode at 134     Hk =   7.937
 MRCHUE: Inverse mode at 135     Hk =   8.514

Program received signal SIGFPE: Floating-point exception - erroneous arithmetic operation.

Backtrace for this error:
#0  0x70f313c23e59 in ???
#1  0x70f313c22e75 in ???
#2  0x70f31384532f in ???
	at ./signal/../sysdeps/unix/sysv/linux/x86_64/libc_sigaction.c:0
#3  0x64f0e51bcd8b in ???
#4  0x64f0e51c4061 in ???
#5  0x64f0e51b6286 in ???
#6  0x64f0e51b8c9c in ???
#7  0x64f0e518167a in ???
#8  0x64f0e5185a77 in ???
#9  0x64f0e5171406 in ???
#10  0x64f0e5167758 in ???
#11  0x70f31382a1c9 in __libc_start_call_main
	at ../sysdeps/nptl/libc_start_call_main.h:58
#12  0x70f31382a28a in __libc_start_main_impl
	at ../csu/libc-start.c:360
#13  0x64f0e5167784 in ???
#14  0xffffffffffffffff in ???
timeout: the monitored command dumped core
