
Program received signal SIGFPE: Floating-point exception - erroneous arithmetic operation.

Backtrace for this error:
#0  0x78ecbd423e59 in ???
#1  0x78ecbd422e75 in ???
#2  0x78ecbd04532f in ???
	at ./signal/../sysdeps/unix/sysv/linux/x86_64/libc_sigaction.c:0
#3  0x78ecbd87ab20 in __math_invalid
	at ../sysdeps/ieee754/dbl-64/math_err.c:82
#4  0x615121f8275a in ???
#5  0x615121f83fba in ???
#6  0x615121f8af28 in ???
#7  0x615121f7d286 in ???
#8  0x615121f7fc9c in ???
#9  0x615121f4867a in ???
#10  0x615121f4ca77 in ???
#11  0x615121f38406 in ???
#12  0x615121f2e758 in ???
#13  0x78ecbd02a1c9 in __libc_start_call_main
	at ../sysdeps/nptl/libc_start_call_main.h:58
#14  0x78ecbd02a28a in __libc_start_main_impl
	at ../csu/libc-start.c:360
#15  0x615121f2e784 in ???
#16  0xffffffffffffffff in ???
timeout: the monitored command dumped core
